main.c:95:5:main	8	static
main.c:177:6:SystemClock_Config	88	static
main.c:221:13:MX_ADC1_Init	24	static
main.c:293:13:MX_DMA_Init	16	static
main.c:311:13:MX_GPIO_Init	48	static
main.c:363:6:StartNetTask	16	static
main.c:419:6:ConnectionListenTask	48	static
main.c:504:6:ConnectionsCounter	16	static
main.c:513:6:StartNetTask1	48	static
main.c:563:13:client_socket_thread	80	dynamic
main.c:639:13:tcp_thread	80	static
main.c:684:13:myrg	8	static
main.c:705:6:StartDefaultTask	24	static
main.c:747:6:Error_Handler	4	static,ignoring_inline_asm
