Archive member included to satisfy reference by file (symbol)

v:/st/stm32cubeide_1.6.0/stm32cubeide/plugins/com.st.stm32cube.ide.mcu.externaltools.gnu-tools-for-stm32.9-2020-q2-update.win32_1.5.0.202011040924/tools/bin/../lib/gcc/arm-none-eabi/9.3.1/../../../../arm-none-eabi/lib/thumb/v7e-m+fp/hard\libc_nano.a(lib_a-atoi.o)
                              Middlewares/Third_Party/LwIP/src/api/netdb.o (atoi)
v:/st/stm32cubeide_1.6.0/stm32cubeide/plugins/com.st.stm32cube.ide.mcu.externaltools.gnu-tools-for-stm32.9-2020-q2-update.win32_1.5.0.202011040924/tools/bin/../lib/gcc/arm-none-eabi/9.3.1/../../../../arm-none-eabi/lib/thumb/v7e-m+fp/hard\libc_nano.a(lib_a-ctype_.o)
                              Middlewares/Third_Party/LwIP/src/core/dns.o (_ctype_)
v:/st/stm32cubeide_1.6.0/stm32cubeide/plugins/com.st.stm32cube.ide.mcu.externaltools.gnu-tools-for-stm32.9-2020-q2-update.win32_1.5.0.202011040924/tools/bin/../lib/gcc/arm-none-eabi/9.3.1/../../../../arm-none-eabi/lib/thumb/v7e-m+fp/hard\libc_nano.a(lib_a-exit.o)
                              v:/st/stm32cubeide_1.6.0/stm32cubeide/plugins/com.st.stm32cube.ide.mcu.externaltools.gnu-tools-for-stm32.9-2020-q2-update.win32_1.5.0.202011040924/tools/bin/../lib/gcc/arm-none-eabi/9.3.1/../../../../arm-none-eabi/lib/thumb/v7e-m+fp/hard/crt0.o (exit)
v:/st/stm32cubeide_1.6.0/stm32cubeide/plugins/com.st.stm32cube.ide.mcu.externaltools.gnu-tools-for-stm32.9-2020-q2-update.win32_1.5.0.202011040924/tools/bin/../lib/gcc/arm-none-eabi/9.3.1/../../../../arm-none-eabi/lib/thumb/v7e-m+fp/hard\libc_nano.a(lib_a-impure.o)
                              v:/st/stm32cubeide_1.6.0/stm32cubeide/plugins/com.st.stm32cube.ide.mcu.externaltools.gnu-tools-for-stm32.9-2020-q2-update.win32_1.5.0.202011040924/tools/bin/../lib/gcc/arm-none-eabi/9.3.1/../../../../arm-none-eabi/lib/thumb/v7e-m+fp/hard\libc_nano.a(lib_a-exit.o) (_global_impure_ptr)
v:/st/stm32cubeide_1.6.0/stm32cubeide/plugins/com.st.stm32cube.ide.mcu.externaltools.gnu-tools-for-stm32.9-2020-q2-update.win32_1.5.0.202011040924/tools/bin/../lib/gcc/arm-none-eabi/9.3.1/../../../../arm-none-eabi/lib/thumb/v7e-m+fp/hard\libc_nano.a(lib_a-init.o)
                              v:/st/stm32cubeide_1.6.0/stm32cubeide/plugins/com.st.stm32cube.ide.mcu.externaltools.gnu-tools-for-stm32.9-2020-q2-update.win32_1.5.0.202011040924/tools/bin/../lib/gcc/arm-none-eabi/9.3.1/../../../../arm-none-eabi/lib/thumb/v7e-m+fp/hard/crt0.o (__libc_init_array)
v:/st/stm32cubeide_1.6.0/stm32cubeide/plugins/com.st.stm32cube.ide.mcu.externaltools.gnu-tools-for-stm32.9-2020-q2-update.win32_1.5.0.202011040924/tools/bin/../lib/gcc/arm-none-eabi/9.3.1/../../../../arm-none-eabi/lib/thumb/v7e-m+fp/hard\libc_nano.a(lib_a-malloc.o)
                              Core/Src/main.o (malloc)
v:/st/stm32cubeide_1.6.0/stm32cubeide/plugins/com.st.stm32cube.ide.mcu.externaltools.gnu-tools-for-stm32.9-2020-q2-update.win32_1.5.0.202011040924/tools/bin/../lib/gcc/arm-none-eabi/9.3.1/../../../../arm-none-eabi/lib/thumb/v7e-m+fp/hard\libc_nano.a(lib_a-memcmp.o)
                              Middlewares/Third_Party/LwIP/src/netif/bridgeif_fdb.o (memcmp)
v:/st/stm32cubeide_1.6.0/stm32cubeide/plugins/com.st.stm32cube.ide.mcu.externaltools.gnu-tools-for-stm32.9-2020-q2-update.win32_1.5.0.202011040924/tools/bin/../lib/gcc/arm-none-eabi/9.3.1/../../../../arm-none-eabi/lib/thumb/v7e-m+fp/hard\libc_nano.a(lib_a-memcpy-stub.o)
                              Core/Src/das.o (memcpy)
v:/st/stm32cubeide_1.6.0/stm32cubeide/plugins/com.st.stm32cube.ide.mcu.externaltools.gnu-tools-for-stm32.9-2020-q2-update.win32_1.5.0.202011040924/tools/bin/../lib/gcc/arm-none-eabi/9.3.1/../../../../arm-none-eabi/lib/thumb/v7e-m+fp/hard\libc_nano.a(lib_a-memmove.o)
                              Middlewares/Third_Party/LwIP/src/core/def.o (memmove)
v:/st/stm32cubeide_1.6.0/stm32cubeide/plugins/com.st.stm32cube.ide.mcu.externaltools.gnu-tools-for-stm32.9-2020-q2-update.win32_1.5.0.202011040924/tools/bin/../lib/gcc/arm-none-eabi/9.3.1/../../../../arm-none-eabi/lib/thumb/v7e-m+fp/hard\libc_nano.a(lib_a-memset.o)
                              v:/st/stm32cubeide_1.6.0/stm32cubeide/plugins/com.st.stm32cube.ide.mcu.externaltools.gnu-tools-for-stm32.9-2020-q2-update.win32_1.5.0.202011040924/tools/bin/../lib/gcc/arm-none-eabi/9.3.1/../../../../arm-none-eabi/lib/thumb/v7e-m+fp/hard/crt0.o (memset)
v:/st/stm32cubeide_1.6.0/stm32cubeide/plugins/com.st.stm32cube.ide.mcu.externaltools.gnu-tools-for-stm32.9-2020-q2-update.win32_1.5.0.202011040924/tools/bin/../lib/gcc/arm-none-eabi/9.3.1/../../../../arm-none-eabi/lib/thumb/v7e-m+fp/hard\libc_nano.a(lib_a-nano-freer.o)
                              v:/st/stm32cubeide_1.6.0/stm32cubeide/plugins/com.st.stm32cube.ide.mcu.externaltools.gnu-tools-for-stm32.9-2020-q2-update.win32_1.5.0.202011040924/tools/bin/../lib/gcc/arm-none-eabi/9.3.1/../../../../arm-none-eabi/lib/thumb/v7e-m+fp/hard\libc_nano.a(lib_a-malloc.o) (_free_r)
[...]
Memory Configuration

Name             Origin             Length             Attributes
CCMRAM           0x0000000010000000 0x0000000000010000 xrw
RAM              0x0000000020000000 0x0000000000020000 xrw
FLASH            0x0000000008000000 0x0000000000080000 xr
*default*        0x0000000000000000 0xffffffffffffffff

Linker script and memory map

LOAD v:/st/stm32cubeide_1.6.0/stm32cubeide/plugins/com.st.stm32cube.ide.mcu.externaltools.gnu-tools-for-stm32.9-2020-q2-update.win32_1.5.0.202011040924/tools/bin/../lib/gcc/arm-none-eabi/9.3.1/thumb/v7e-m+fp/hard/crti.o
LOAD v:/st/stm32cubeide_1.6.0/stm32cubeide/plugins/com.st.stm32cube.ide.mcu.externaltools.gnu-tools-for-stm32.9-2020-q2-update.win32_1.5.0.202011040924/tools/bin/../lib/gcc/arm-none-eabi/9.3.1/thumb/v7e-m+fp/hard/crtbegin.o
LOAD v:/st/stm32cubeide_1.6.0/stm32cubeide/plugins/com.st.stm32cube.ide.mcu.externaltools.gnu-tools-for-stm32.9-2020-q2-update.win32_1.5.0.202011040924/tools/bin/../lib/gcc/arm-none-eabi/9.3.1/../../../../arm-none-eabi/lib/thumb/v7e-m+fp/hard/crt0.o
LOAD Core/Src/connection_pipeline.o
LOAD Core/Src/das.o
LOAD Core/Src/datareaddas.o
LOAD Core/Src/freertos.o
LOAD Core/Src/main.o
LOAD Core/Src/net_utilities.o
LOAD Core/Src/stm32f4xx_hal_msp.o
LOAD Core/Src/stm32f4xx_it.o
LOAD Core/Src/syscalls.o
LOAD Core/Src/sysmem.o
LOAD Core/Src/system_stm32f4xx.o
LOAD Core/Src/tcpdas.o
LOAD Core/Src/tcpecho.o
LOAD Core/Startup/startup_stm32f407vetx.o
LOAD Drivers/STM32F4xx_HAL_Driver/Src/stm32f4xx_hal.o
LOAD Drivers/STM32F4xx_HAL_Driver/Src/stm32f4xx_hal_adc.o
LOAD Drivers/STM32F4xx_HAL_Driver/Src/stm32f4xx_hal_adc_ex.o
LOAD Drivers/STM32F4xx_HAL_Driver/Src/stm32f4xx_hal_cortex.o
LOAD Drivers/STM32F4xx_HAL_Driver/Src/stm32f4xx_hal_dma.o
LOAD Drivers/STM32F4xx_HAL_Driver/Src/stm32f4xx_hal_dma_ex.o
LOAD Drivers/STM32F4xx_HAL_Driver/Src/stm32f4xx_hal_eth.o
LOAD Drivers/STM32F4xx_HAL_Driver/Src/stm32f4xx_hal_exti.o
LOAD Drivers/STM32F4xx_HAL_Driver/Src/stm32f4xx_hal_flash.o
LOAD Drivers/STM32F4xx_HAL_Driver/Src/stm32f4xx_hal_flash_ex.o
LOAD Drivers/STM32F4xx_HAL_Driver/Src/stm32f4xx_hal_flash_ramfunc.o
LOAD Drivers/STM32F4xx_HAL_Driver/Src/stm32f4xx_hal_gpio.o
LOAD Drivers/STM32F4xx_HAL_Driver/Src/stm32f4xx_hal_pwr.o
LOAD Drivers/STM32F4xx_HAL_Driver/Src/stm32f4xx_hal_pwr_ex.o
LOAD Drivers/STM32F4xx_HAL_Driver/Src/stm32f4xx_hal_rcc.o
LOAD Drivers/STM32F4xx_HAL_Driver/Src/stm32f4xx_hal_rcc_ex.o
LOAD Drivers/STM32F4xx_HAL_Driver/Src/stm32f4xx_hal_tim.o
LOAD Drivers/STM32F4xx_HAL_Driver/Src/stm32f4xx_hal_tim_ex.o
LOAD Drivers/STM32F4xx_HAL_Driver/Src/stm32f4xx_ll_adc.o
LOAD LWIP/App/lwip.o
LOAD LWIP/Target/ethernetif.o
LOAD Middlewares/Third_Party/FreeRTOS/Source/CMSIS_RTOS_V2/cmsis_os2.o
LOAD Middlewares/Third_Party/FreeRTOS/Source/croutine.o
LOAD Middlewares/Third_Party/FreeRTOS/Source/event_groups.o
LOAD Middlewares/Third_Party/FreeRTOS/Source/list.o
LOAD Middlewares/Third_Party/FreeRTOS/Source/queue.o
LOAD Middlewares/Third_Party/FreeRTOS/Source/stream_buffer.o
LOAD Middlewares/Third_Party/FreeRTOS/Source/tasks.o
LOAD Middlewares/Third_Party/FreeRTOS/Source/timers.o
LOAD Middlewares/Third_Party/FreeRTOS/Source/portable/GCC/ARM_CM4F/port.o
LOAD Middlewares/Third_Party/FreeRTOS/Source/portable/MemMang/heap_4.o
LOAD Middlewares/Third_Party/LwIP/src/api/api_lib.o
LOAD Middlewares/Third_Party/LwIP/src/api/api_msg.o
LOAD Middlewares/Third_Party/LwIP/src/api/err.o
LOAD Middlewares/Third_Party/LwIP/src/api/if_api.o
LOAD Middlewares/Third_Party/LwIP/src/api/netbuf.o
LOAD Middlewares/Third_Party/LwIP/src/api/netdb.o
LOAD Middlewares/Third_Party/LwIP/src/api/netifapi.o
LOAD Middlewares/Third_Party/LwIP/src/api/sockets.o
LOAD Middlewares/Third_Party/LwIP/src/api/tcpip.o
LOAD Middlewares/Third_Party/LwIP/src/apps/mqtt/mqtt.o
LOAD Middlewares/Third_Party/LwIP/src/core/altcp.o
LOAD Middlewares/Third_Party/LwIP/src/core/altcp_alloc.o
LOAD Middlewares/Third_Party/LwIP/src/core/altcp_tcp.o
LOAD Middlewares/Third_Party/LwIP/src/core/def.o
LOAD Middlewares/Third_Party/LwIP/src/core/dns.o
LOAD Middlewares/Third_Party/LwIP/src/core/inet_chksum.o
LOAD Middlewares/Third_Party/LwIP/src/core/init.o
LOAD Middlewares/Third_Party/LwIP/src/core/ip.o
LOAD Middlewares/Third_Party/LwIP/src/core/mem.o
LOAD Middlewares/Third_Party/LwIP/src/core/memp.o
LOAD Middlewares/Third_Party/LwIP/src/core/netif.o
LOAD Middlewares/Third_Party/LwIP/src/core/pbuf.o
LOAD Middlewares/Third_Party/LwIP/src/core/raw.o
LOAD Middlewares/Third_Party/LwIP/src/core/stats.o
LOAD Middlewares/Third_Party/LwIP/src/core/sys.o
LOAD Middlewares/Third_Party/LwIP/src/core/tcp.o
LOAD Middlewares/Third_Party/LwIP/src/core/tcp_in.o
LOAD Middlewares/Third_Party/LwIP/src/core/tcp_out.o
LOAD Middlewares/Third_Party/LwIP/src/core/timeouts.o
LOAD Middlewares/Third_Party/LwIP/src/core/udp.o
LOAD Middlewares/Third_Party/LwIP/src/core/ipv4/autoip.o
LOAD Middlewares/Third_Party/LwIP/src/core/ipv4/dhcp.o
LOAD Middlewares/Third_Party/LwIP/src/core/ipv4/etharp.o
LOAD Middlewares/Third_Party/LwIP/src/core/ipv4/icmp.o
LOAD Middlewares/Third_Party/LwIP/src/core/ipv4/igmp.o
LOAD Middlewares/Third_Party/LwIP/src/core/ipv4/ip4.o
LOAD Middlewares/Third_Party/LwIP/src/core/ipv4/ip4_addr.o
LOAD Middlewares/Third_Party/LwIP/src/core/ipv4/ip4_frag.o
LOAD Middlewares/Third_Party/LwIP/src/core/ipv6/dhcp6.o
LOAD Middlewares/Third_Party/LwIP/src/core/ipv6/ethip6.o
LOAD Middlewares/Third_Party/LwIP/src/core/ipv6/icmp6.o
LOAD Middlewares/Third_Party/LwIP/src/core/ipv6/inet6.o
LOAD Middlewares/Third_Party/LwIP/src/core/ipv6/ip6.o
LOAD Middlewares/Third_Party/LwIP/src/core/ipv6/ip6_addr.o
LOAD Middlewares/Third_Party/LwIP/src/core/ipv6/ip6_frag.o
LOAD Middlewares/Third_Party/LwIP/src/core/ipv6/mld6.o
LOAD Middlewares/Third_Party/LwIP/src/core/ipv6/nd6.o
LOAD Middlewares/Third_Party/LwIP/src/netif/bridgeif.o
LOAD Middlewares/Third_Party/LwIP/src/netif/bridgeif_fdb.o
LOAD Middlewares/Third_Party/LwIP/src/netif/ethernet.o
LOAD Middlewares/Third_Party/LwIP/src/netif/lowpan6.o
LOAD Middlewares/Third_Party/LwIP/src/netif/lowpan6_ble.o
LOAD Middlewares/Third_Party/LwIP/src/netif/lowpan6_common.o
LOAD Middlewares/Third_Party/LwIP/src/netif/slipif.o
LOAD Middlewares/Third_Party/LwIP/src/netif/zepif.o
LOAD Middlewares/Third_Party/LwIP/src/netif/ppp/auth.o
LOAD Middlewares/Third_Party/LwIP/src/netif/ppp/ccp.o
LOAD Middlewares/Third_Party/LwIP/src/netif/ppp/chap-md5.o
LOAD Middlewares/Third_Party/LwIP/src/netif/ppp/chap-new.o
LOAD Middlewares/Third_Party/LwIP/src/netif/ppp/chap_ms.o
LOAD Middlewares/Third_Party/LwIP/src/netif/ppp/demand.o
LOAD Middlewares/Third_Party/LwIP/src/netif/ppp/eap.o
LOAD Middlewares/Third_Party/LwIP/src/netif/ppp/ecp.o
LOAD Middlewares/Third_Party/LwIP/src/netif/ppp/eui64.o
LOAD Middlewares/Third_Party/LwIP/src/netif/ppp/fsm.o
LOAD Middlewares/Third_Party/LwIP/src/netif/ppp/ipcp.o
LOAD Middlewares/Third_Party/LwIP/src/netif/ppp/ipv6cp.o
LOAD Middlewares/Third_Party/LwIP/src/netif/ppp/lcp.o
LOAD Middlewares/Third_Party/LwIP/src/netif/ppp/magic.o
LOAD Middlewares/Third_Party/LwIP/src/netif/ppp/mppe.o
LOAD Middlewares/Third_Party/LwIP/src/netif/ppp/multilink.o
LOAD Middlewares/Third_Party/LwIP/src/netif/ppp/ppp.o
LOAD Middlewares/Third_Party/LwIP/src/netif/ppp/pppapi.o
LOAD Middlewares/Third_Party/LwIP/src/netif/ppp/pppcrypt.o
LOAD Middlewares/Third_Party/LwIP/src/netif/ppp/pppoe.o
LOAD Middlewares/Third_Party/LwIP/src/netif/ppp/pppol2tp.o
LOAD Middlewares/Third_Party/LwIP/src/netif/ppp/pppos.o
LOAD Middlewares/Third_Party/LwIP/src/netif/ppp/upap.o
LOAD Middlewares/Third_Party/LwIP/src/netif/ppp/utils.o
LOAD Middlewares/Third_Party/LwIP/src/netif/ppp/vj.o
LOAD Middlewares/Third_Party/LwIP/src/system/OS/sys_arch.o
START GROUP
LOAD v:/st/stm32cubeide_1.6.0/stm32cubeide/plugins/com.st.stm32cube.ide.mcu.externaltools.gnu-tools-for-stm32.9-2020-q2-update.win32_1.5.0.202011040924/tools/bin/../lib/gcc/arm-none-eabi/9.3.1/../../../../arm-none-eabi/lib/thumb/v7e-m+fp/hard\libc_nano.a
LOAD v:/st/stm32cubeide_1.6.0/stm32cubeide/plugins/com.st.stm32cube.ide.mcu.externaltools.gnu-tools-for-stm32.9-2020-q2-update.win32_1.5.0.202011040924/tools/bin/../lib/gcc/arm-none-eabi/9.3.1/../../../../arm-none-eabi/lib/thumb/v7e-m+fp/hard\libm.a
END GROUP
START GROUP
LOAD v:/st/stm32cubeide_1.6.0/stm32cubeide/plugins/com.st.stm32cube.ide.mcu.externaltools.gnu-tools-for-stm32.9-2020-q2-update.win32_1.5.0.202011040924/tools/bin/../lib/gcc/arm-none-eabi/9.3.1/thumb/v7e-m+fp/hard\libgcc.a
LOAD v:/st/stm32cubeide_1.6.0/stm32cubeide/plugins/com.st.stm32cube.ide.mcu.externaltools.gnu-tools-for-stm32.9-2020-q2-update.win32_1.5.0.202011040924/tools/bin/../lib/gcc/arm-none-eabi/9.3.1/../../../../arm-none-eabi/lib/thumb/v7e-m+fp/hard\libc_nano.a
END GROUP
START GROUP
LOAD v:/st/stm32cubeide_1.6.0/stm32cubeide/plugins/com.st.stm32cube.ide.mcu.externaltools.gnu-tools-for-stm32.9-2020-q2-update.win32_1.5.0.202011040924/tools/bin/../lib/gcc/arm-none-eabi/9.3.1/thumb/v7e-m+fp/hard\libgcc.a
LOAD v:/st/stm32cubeide_1.6.0/stm32cubeide/plugins/com.st.stm32cube.ide.mcu.externaltools.gnu-tools-for-stm32.9-2020-q2-update.win32_1.5.0.202011040924/tools/bin/../lib/gcc/arm-none-eabi/9.3.1/../../../../arm-none-eabi/lib/thumb/v7e-m+fp/hard\libc_nano.a
LOAD v:/st/stm32cubeide_1.6.0/stm32cubeide/plugins/com.st.stm32cube.ide.mcu.externaltools.gnu-tools-for-stm32.9-2020-q2-update.win32_1.5.0.202011040924/tools/bin/../lib/gcc/arm-none-eabi/9.3.1/../../../../arm-none-eabi/lib/thumb/v7e-m+fp/hard\libnosys.a
END GROUP
START GROUP
LOAD v:/st/stm32cubeide_1.6.0/stm32cubeide/plugins/com.st.stm32cube.ide.mcu.externaltools.gnu-tools-for-stm32.9-2020-q2-update.win32_1.5.0.202011040924/tools/bin/../lib/gcc/arm-none-eabi/9.3.1/thumb/v7e-m+fp/hard\libgcc.a
LOAD v:/st/stm32cubeide_1.6.0/stm32cubeide/plugins/com.st.stm32cube.ide.mcu.externaltools.gnu-tools-for-stm32.9-2020-q2-update.win32_1.5.0.202011040924/tools/bin/../lib/gcc/arm-none-eabi/9.3.1/../../../../arm-none-eabi/lib/thumb/v7e-m+fp/hard\libc_nano.a
LOAD v:/st/stm32cubeide_1.6.0/stm32cubeide/plugins/com.st.stm32cube.ide.mcu.externaltools.gnu-tools-for-stm32.9-2020-q2-update.win32_1.5.0.202011040924/tools/bin/../lib/gcc/arm-none-eabi/9.3.1/../../../../arm-none-eabi/lib/thumb/v7e-m+fp/hard\libnosys.a
END GROUP
LOAD v:/st/stm32cubeide_1.6.0/stm32cubeide/plugins/com.st.stm32cube.ide.mcu.externaltools.gnu-tools-for-stm32.9-2020-q2-update.win32_1.5.0.202011040924/tools/bin/../lib/gcc/arm-none-eabi/9.3.1/thumb/v7e-m+fp/hard/crtend.o
LOAD v:/st/stm32cubeide_1.6.0/stm32cubeide/plugins/com.st.stm32cube.ide.mcu.externaltools.gnu-tools-for-stm32.9-2020-q2-update.win32_1.5.0.202011040924/tools/bin/../lib/gcc/arm-none-eabi/9.3.1/thumb/v7e-m+fp/hard/crtn.o
                0x0000000020020000                _estack = (ORIGIN (RAM) + LENGTH (RAM))
                0x0000000000000200                _Min_Heap_Size = 0x200
                0x0000000000000400                _Min_Stack_Size = 0x400

.isr_vector     0x0000000008000000      0x188
                0x0000000008000000                . = ALIGN (0x4)
 *(.isr_vector)
 .isr_vector    0x0000000008000000      0x188 Core/Startup/startup_stm32f407vetx.o
                0x0000000008000000                g_pfnVectors
                0x0000000008000188                . = ALIGN (0x4)

.text           0x0000000008000190     0xf518
                0x0000000008000190                . = ALIGN (0x4)
 *(.text)
 .text          0x0000000008000190       0x40 v:/st/stm32cubeide_1.6.0/stm32cubeide/plugins/com.st.stm32cube.ide.mcu.externaltools.gnu-tools-for-stm32.9-2020-q2-update.win32_1.5.0.202011040924/tools/bin/../lib/gcc/arm-none-eabi/9.3.1/thumb/v7e-m+fp/hard/crtbegin.o
 .text          0x00000000080001d0       0x10 v:/st/stm32cubeide_1.6.0/stm32cubeide/plugins/com.st.stm32cube.ide.mcu.externaltools.gnu-tools-for-stm32.9-2020-q2-update.win32_1.5.0.202011040924/tools/bin/../lib/gcc/arm-none-eabi/9.3.1/../../../../arm-none-eabi/lib/thumb/v7e-m+fp/hard\libc_nano.a(lib_a-strlen.o)
                0x00000000080001d0                strlen
 .text          0x00000000080001e0       0xa0 v:/st/stm32cubeide_1.6.0/stm32cubeide/plugins/com.st.stm32cube.ide.mcu.externaltools.gnu-tools-for-stm32.9-2020-q2-update.win32_1.5.0.202011040924/tools/bin/../lib/gcc/arm-none-eabi/9.3.1/../../../../arm-none-eabi/lib/thumb/v7e-m+fp/hard\libc_nano.a(lib_a-memchr.o)
                0x00000000080001e0                memchr
 .text          0x0000000008000280       0x30 v:/st/stm32cubeide_1.6.0/stm32cubeide/plugins/com.st.stm32cube.ide.mcu.externaltools.gnu-tools-for-stm32.9-2020-q2-update.win32_1.5.0.202011040924/tools/bin/../lib/gcc/arm-none-eabi/9.3.1/thumb/v7e-m+fp/hard\libgcc.a(_aeabi_uldivmod.o)
                0x0000000008000280                __aeabi_uldivmod
 .text          0x00000000080002b0      0x2c4 v:/st/stm32cubeide_1.6.0/stm32cubeide/plugins/com.st.stm32cube.ide.mcu.externaltools.gnu-tools-for-stm32.9-2020-q2-update.win32_1.5.0.202011040924/tools/bin/../lib/gcc/arm-none-eabi/9.3.1/thumb/v7e-m+fp/hard\libgcc.a(_udivmoddi4.o)
                0x00000000080002b0                __udivmoddi4
 .text          0x0000000008000574        0x4 v:/st/stm32cubeide_1.6.0/stm32cubeide/plugins/com.st.stm32cube.ide.mcu.externaltools.gnu-tools-for-stm32.9-2020-q2-update.win32_1.5.0.202011040924/tools/bin/../lib/gcc/arm-none-eabi/9.3.1/thumb/v7e-m+fp/hard\libgcc.a(_dvmd_tls.o)
                0x0000000008000574                __aeabi_idiv0
                0x0000000008000574                __aeabi_ldiv0
 *(.text*)
 .text.DAS_Init
                0x0000000008000578       0x50 Core/Src/das.o
                0x0000000008000578                DAS_Init
 .text.DAS_SetChannelMode
                0x00000000080005c8       0x20 Core/Src/das.o
                0x00000000080005c8                DAS_SetChannelMode
 .text.DAS_SetAnalogChannelValue
                0x00000000080005e8       0x24 Core/Src/das.o
                0x00000000080005e8                DAS_SetAnalogChannelValue
 .text.DAS_SetPulseChannelMode
                0x000000000800060c       0x24 Core/Src/das.o
                0x000000000800060c                DAS_SetPulseChannelMode
 .text.das_makePacket
                0x0000000008000630      0x1b8 Core/Src/das.o
                0x0000000008000630                das_makePacket
 .text.byte_serialize
                0x00000000080007e8       0x60 Core/Src/das.o
                0x00000000080007e8                byte_serialize
 .text.byte_deserialize
                0x0000000008000848       0x4c Core/Src/das.o
                0x0000000008000848                byte_deserialize
 .text.das_read
                0x0000000008000894       0xf0 Core/Src/das.o
                0x0000000008000894                das_read
 .text.myrg     0x0000000008000984       0x44 Core/Src/main.o
 .text.StartDefaultTask
                0x00000000080009c8       0xc0 Core/Src/main.o
                0x00000000080009c8                StartDefaultTask
 .text.tcp_thread
                0x0000000008000a88       0xa0 Core/Src/main.o
 .text.client_socket_thread
                0x0000000008000b28       0x5c Core/Src/main.o
 .text.SystemClock_Config
                0x0000000008000b84       0xa4 Core/Src/main.o
                0x0000000008000b84                SystemClock_Config
 .text.startup.main
                0x0000000008000c28      0x19c Core/Src/main.o
                0x0000000008000c28                main
 .text.Error_Handler
                0x0000000008000dc4        0x4 Core/Src/main.o
                0x0000000008000dc4                Error_Handler
 .text.crc32    0x0000000008000dc8       0x28 Core/Src/net_utilities.o
                0x0000000008000dc8                crc32
 .text.rmemcpy  0x0000000008000df0       0x18 Core/Src/net_utilities.o
                0x0000000008000df0                rmemcpy
 .text.HAL_MspInit
                0x0000000008000e08       0x40 Core/Src/stm32f4xx_hal_msp.o
                0x0000000008000e08                HAL_MspInit
 .text.HAL_ADC_MspInit
                0x0000000008000e48       0xcc Core/Src/stm32f4xx_hal_msp.o
                0x0000000008000e48                HAL_ADC_MspInit
 .text.NMI_Handler
                0x0000000008000f14        0x2 Core/Src/stm32f4xx_it.o
                0x0000000008000f14                NMI_Handler
 .text.HardFault_Handler
                0x0000000008000f16        0x2 Core/Src/stm32f4xx_it.o
                0x0000000008000f16                HardFault_Handler
 .text.MemManage_Handler
                0x0000000008000f18        0x2 Core/Src/stm32f4xx_it.o
                0x0000000008000f18                MemManage_Handler
 .text.BusFault_Handler
                0x0000000008000f1a        0x2 Core/Src/stm32f4xx_it.o
                0x0000000008000f1a                BusFault_Handler
 .text.UsageFault_Handler
                0x0000000008000f1c        0x2 Core/Src/stm32f4xx_it.o
                0x0000000008000f1c                UsageFault_Handler
 .text.DebugMon_Handler
                0x0000000008000f1e        0x2 Core/Src/stm32f4xx_it.o
                0x0000000008000f1e                DebugMon_Handler
 .text.SysTick_Handler
                0x0000000008000f20       0x18 Core/Src/stm32f4xx_it.o
                0x0000000008000f20                SysTick_Handler
 .text.DMA2_Stream0_IRQHandler
                0x0000000008000f38        0xc Core/Src/stm32f4xx_it.o
                0x0000000008000f38                DMA2_Stream0_IRQHandler
 .text.ETH_IRQHandler
                0x0000000008000f44        0xc Core/Src/stm32f4xx_it.o
                0x0000000008000f44                ETH_IRQHandler
 .text._getpid  0x0000000008000f50        0x4 Core/Src/syscalls.o
                0x0000000008000f50                _getpid
 .text._kill    0x0000000008000f54       0x10 Core/Src/syscalls.o
                0x0000000008000f54                _kill
 .text._exit    0x0000000008000f64        0xc Core/Src/syscalls.o
                0x0000000008000f64                _exit
 .text._read    0x0000000008000f70       0x1a Core/Src/syscalls.o
                0x0000000008000f70                _read
 .text._write   0x0000000008000f8a       0x1a Core/Src/syscalls.o
                0x0000000008000f8a                _write
 .text._close   0x0000000008000fa4        0x6 Core/Src/syscalls.o
                0x0000000008000fa4                _close
 .text._fstat   0x0000000008000faa        0xa Core/Src/syscalls.o
                0x0000000008000faa                _fstat
 .text._isatty  0x0000000008000fb4        0x4 Core/Src/syscalls.o
                0x0000000008000fb4                _isatty
 .text._lseek   0x0000000008000fb8        0x4 Core/Src/syscalls.o
                0x0000000008000fb8                _lseek
 .text._sbrk    0x0000000008000fbc       0x40 Core/Src/sysmem.o
                0x0000000008000fbc                _sbrk
 .text.SystemInit
                0x0000000008000ffc       0x14 Core/Src/system_stm32f4xx.o
                0x0000000008000ffc                SystemInit
 .text.Reset_Handler
                0x0000000008001010       0x50 Core/Startup/startup_stm32f407vetx.o
                0x0000000008001010                Reset_Handler
 .text.Default_Handler
                0x0000000008001060        0x2 Core/Startup/startup_stm32f407vetx.o
                0x0000000008001060                RTC_Alarm_IRQHandler
                0x0000000008001060                HASH_RNG_IRQHandler
                0x0000000008001060                EXTI2_IRQHandler
                0x0000000008001060                TIM8_CC_IRQHandler
                0x0000000008001060                TIM1_CC_IRQHandler
                0x0000000008001060                DMA2_Stream5_IRQHandler
                0x0000000008001060                DMA1_Stream5_IRQHandler
                0x0000000008001060                PVD_IRQHandler
                0x0000000008001060                SDIO_IRQHandler
                0x0000000008001060                TAMP_STAMP_IRQHandler
                0x0000000008001060                CAN2_RX1_IRQHandler
                0x0000000008001060                EXTI3_IRQHandler
                0x0000000008001060                TIM8_TRG_COM_TIM14_IRQHandler
                0x0000000008001060                TIM1_UP_TIM10_IRQHandler
                0x0000000008001060                TIM8_UP_TIM13_IRQHandler
                0x0000000008001060                I2C3_ER_IRQHandler
                0x0000000008001060                EXTI0_IRQHandler
                0x0000000008001060                I2C2_EV_IRQHandler
                0x0000000008001060                DMA1_Stream2_IRQHandler
                0x0000000008001060                CAN1_RX0_IRQHandler
                0x0000000008001060                FPU_IRQHandler
                0x0000000008001060                OTG_HS_WKUP_IRQHandler
                0x0000000008001060                CAN2_SCE_IRQHandler
                0x0000000008001060                DMA2_Stream2_IRQHandler
                0x0000000008001060                SPI1_IRQHandler
                0x0000000008001060                TIM6_DAC_IRQHandler
                0x0000000008001060                TIM1_BRK_TIM9_IRQHandler
                0x0000000008001060                DCMI_IRQHandler
                0x0000000008001060                CAN2_RX0_IRQHandler
                0x0000000008001060                DMA2_Stream3_IRQHandler
                0x0000000008001060                USART6_IRQHandler
                0x0000000008001060                USART3_IRQHandler
                0x0000000008001060                CAN1_RX1_IRQHandler
                0x0000000008001060                UART5_IRQHandler
                0x0000000008001060                TIM4_IRQHandler
                0x0000000008001060                I2C1_EV_IRQHandler
                0x0000000008001060                DMA1_Stream6_IRQHandler
                0x0000000008001060                DMA1_Stream1_IRQHandler
                0x0000000008001060                UART4_IRQHandler
                0x0000000008001060                TIM3_IRQHandler
                0x0000000008001060                RCC_IRQHandler
                0x0000000008001060                TIM8_BRK_TIM12_IRQHandler
                0x0000000008001060                Default_Handler
                0x0000000008001060                EXTI15_10_IRQHandler
                0x0000000008001060                ADC_IRQHandler
                0x0000000008001060                DMA1_Stream7_IRQHandler
                0x0000000008001060                TIM7_IRQHandler
                0x0000000008001060                CAN2_TX_IRQHandler
                0x0000000008001060                TIM5_IRQHandler
                0x0000000008001060                DMA2_Stream7_IRQHandler
                0x0000000008001060                I2C3_EV_IRQHandler
                0x0000000008001060                EXTI9_5_IRQHandler
                0x0000000008001060                RTC_WKUP_IRQHandler
                0x0000000008001060                ETH_WKUP_IRQHandler
                0x0000000008001060                SPI2_IRQHandler
                0x0000000008001060                OTG_HS_EP1_IN_IRQHandler
                0x0000000008001060                DMA1_Stream0_IRQHandler
                0x0000000008001060                CAN1_TX_IRQHandler
                0x0000000008001060                EXTI4_IRQHandler
                0x0000000008001060                FSMC_IRQHandler
                0x0000000008001060                OTG_HS_EP1_OUT_IRQHandler
                0x0000000008001060                WWDG_IRQHandler
                0x0000000008001060                TIM2_IRQHandler
                0x0000000008001060                OTG_FS_WKUP_IRQHandler
                0x0000000008001060                TIM1_TRG_COM_TIM11_IRQHandler
                0x0000000008001060                OTG_HS_IRQHandler
                0x0000000008001060                EXTI1_IRQHandler
                0x0000000008001060                USART2_IRQHandler
                0x0000000008001060                I2C2_ER_IRQHandler
                0x0000000008001060                DMA2_Stream1_IRQHandler
                0x0000000008001060                CAN1_SCE_IRQHandler
                0x0000000008001060                FLASH_IRQHandler
                0x0000000008001060                DMA2_Stream4_IRQHandler
                0x0000000008001060                USART1_IRQHandler
                0x0000000008001060                OTG_FS_IRQHandler
                0x0000000008001060                SPI3_IRQHandler
                0x0000000008001060                DMA1_Stream4_IRQHandler
                0x0000000008001060                I2C1_ER_IRQHandler
                0x0000000008001060                DMA2_Stream6_IRQHandler
                0x0000000008001060                DMA1_Stream3_IRQHandler
 *fill*         0x0000000008001062        0x2 
 .text.HAL_InitTick
                0x0000000008001064       0x48 Drivers/STM32F4xx_HAL_Driver/Src/stm32f4xx_hal.o
                0x0000000008001064                HAL_InitTick
 .text.HAL_Init
                0x00000000080010ac       0x34 Drivers/STM32F4xx_HAL_Driver/Src/stm32f4xx_hal.o
                0x00000000080010ac                HAL_Init
 .text.HAL_IncTick
                0x00000000080010e0       0x18 Drivers/STM32F4xx_HAL_Driver/Src/stm32f4xx_hal.o
                0x00000000080010e0                HAL_IncTick
 .text.HAL_GetTick
                0x00000000080010f8        0xc Drivers/STM32F4xx_HAL_Driver/Src/stm32f4xx_hal.o
                0x00000000080010f8                HAL_GetTick
 .text.HAL_Delay
                0x0000000008001104       0x28 Drivers/STM32F4xx_HAL_Driver/Src/stm32f4xx_hal.o
                0x0000000008001104                HAL_Delay
 .text.HAL_ADC_Init
                0x000000000800112c      0x14c Drivers/STM32F4xx_HAL_Driver/Src/stm32f4xx_hal_adc.o
                0x000000000800112c                HAL_ADC_Init
 .text.HAL_ADC_Start_DMA
                0x0000000008001278      0x154 Drivers/STM32F4xx_HAL_Driver/Src/stm32f4xx_hal_adc.o
                0x0000000008001278                HAL_ADC_Start_DMA
 .text.HAL_ADC_ConvCpltCallback
                0x00000000080013cc        0x2 Drivers/STM32F4xx_HAL_Driver/Src/stm32f4xx_hal_adc.o
                0x00000000080013cc                HAL_ADC_ConvCpltCallback
 .text.HAL_ADC_ConvHalfCpltCallback
                0x00000000080013ce        0x2 Drivers/STM32F4xx_HAL_Driver/Src/stm32f4xx_hal_adc.o
                0x00000000080013ce                HAL_ADC_ConvHalfCpltCallback
 .text.ADC_DMAHalfConvCplt
                0x00000000080013d0        0xa Drivers/STM32F4xx_HAL_Driver/Src/stm32f4xx_hal_adc.o
 .text.HAL_ADC_ErrorCallback
                0x00000000080013da        0x2 Drivers/STM32F4xx_HAL_Driver/Src/stm32f4xx_hal_adc.o
                0x00000000080013da                HAL_ADC_ErrorCallback
 .text.ADC_DMAError
                0x00000000080013dc       0x16 Drivers/STM32F4xx_HAL_Driver/Src/stm32f4xx_hal_adc.o
 .text.ADC_DMAConvCplt
                0x00000000080013f2       0x6c Drivers/STM32F4xx_HAL_Driver/Src/stm32f4xx_hal_adc.o
 *fill*         0x000000000800145e        0x2 
 .text.HAL_ADC_ConfigChannel
                0x0000000008001460      0x124 Drivers/STM32F4xx_HAL_Driver/Src/stm32f4xx_hal_adc.o
                0x0000000008001460                HAL_ADC_ConfigChannel
 .text.HAL_NVIC_SetPriorityGrouping
                0x0000000008001584       0x24 Drivers/STM32F4xx_HAL_Driver/Src/stm32f4xx_hal_cortex.o
                0x0000000008001584                HAL_NVIC_SetPriorityGrouping
 .text.HAL_NVIC_SetPriority
                0x00000000080015a8       0x64 Drivers/STM32F4xx_HAL_Driver/Src/stm32f4xx_hal_cortex.o
                0x00000000080015a8                HAL_NVIC_SetPriority
 .text.HAL_NVIC_EnableIRQ
                0x000000000800160c       0x1c Drivers/STM32F4xx_HAL_Driver/Src/stm32f4xx_hal_cortex.o
                0x000000000800160c                HAL_NVIC_EnableIRQ
 .text.HAL_SYSTICK_Config
                0x0000000008001628       0x2c Drivers/STM32F4xx_HAL_Driver/Src/stm32f4xx_hal_cortex.o
                0x0000000008001628                HAL_SYSTICK_Config
 .text.DMA_CalcBaseAndBitshift
                0x0000000008001654       0x2c Drivers/STM32F4xx_HAL_Driver/Src/stm32f4xx_hal_dma.o
 .text.HAL_DMA_Init
                0x0000000008001680      0x100 Drivers/STM32F4xx_HAL_Driver/Src/stm32f4xx_hal_dma.o
                0x0000000008001680                HAL_DMA_Init
 .text.HAL_DMA_Start_IT
                0x0000000008001780       0x74 Drivers/STM32F4xx_HAL_Driver/Src/stm32f4xx_hal_dma.o
                0x0000000008001780                HAL_DMA_Start_IT
 .text.HAL_DMA_IRQHandler
                0x00000000080017f4      0x17c Drivers/STM32F4xx_HAL_Driver/Src/stm32f4xx_hal_dma.o
                0x00000000080017f4                HAL_DMA_IRQHandler
 .text.ETH_Delay.constprop.0
                0x0000000008001970       0x24 Drivers/STM32F4xx_HAL_Driver/Src/stm32f4xx_hal_eth.o
 .text.ETH_FlushTransmitFIFO
                0x0000000008001994       0x28 Drivers/STM32F4xx_HAL_Driver/Src/stm32f4xx_hal_eth.o
 .text.ETH_MACDMAConfig
                0x00000000080019bc       0xf4 Drivers/STM32F4xx_HAL_Driver/Src/stm32f4xx_hal_eth.o
 .text.HAL_ETH_DMATxDescListInit
                0x0000000008001ab0       0x78 Drivers/STM32F4xx_HAL_Driver/Src/stm32f4xx_hal_eth.o
                0x0000000008001ab0                HAL_ETH_DMATxDescListInit
 .text.HAL_ETH_DMARxDescListInit
                0x0000000008001b28       0x74 Drivers/STM32F4xx_HAL_Driver/Src/stm32f4xx_hal_eth.o
                0x0000000008001b28                HAL_ETH_DMARxDescListInit
 .text.HAL_ETH_TransmitFrame
                0x0000000008001b9c       0xe8 Drivers/STM32F4xx_HAL_Driver/Src/stm32f4xx_hal_eth.o
                0x0000000008001b9c                HAL_ETH_TransmitFrame
 .text.HAL_ETH_GetReceivedFrame_IT
                0x0000000008001c84       0x8a Drivers/STM32F4xx_HAL_Driver/Src/stm32f4xx_hal_eth.o
                0x0000000008001c84                HAL_ETH_GetReceivedFrame_IT
 .text.HAL_ETH_TxCpltCallback
                0x0000000008001d0e        0x2 Drivers/STM32F4xx_HAL_Driver/Src/stm32f4xx_hal_eth.o
                0x0000000008001d0e                HAL_ETH_TxCpltCallback
 .text.HAL_ETH_ErrorCallback
                0x0000000008001d10        0x2 Drivers/STM32F4xx_HAL_Driver/Src/stm32f4xx_hal_eth.o
                0x0000000008001d10                HAL_ETH_ErrorCallback
 .text.HAL_ETH_IRQHandler
                0x0000000008001d12       0x70 Drivers/STM32F4xx_HAL_Driver/Src/stm32f4xx_hal_eth.o
                0x0000000008001d12                HAL_ETH_IRQHandler
 .text.HAL_ETH_ReadPHYRegister
                0x0000000008001d82       0x76 Drivers/STM32F4xx_HAL_Driver/Src/stm32f4xx_hal_eth.o
                0x0000000008001d82                HAL_ETH_ReadPHYRegister
 .text.HAL_ETH_WritePHYRegister
                0x0000000008001df8       0x70 Drivers/STM32F4xx_HAL_Driver/Src/stm32f4xx_hal_eth.o
                0x0000000008001df8                HAL_ETH_WritePHYRegister
 .text.HAL_ETH_Init
                0x0000000008001e68      0x1f8 Drivers/STM32F4xx_HAL_Driver/Src/stm32f4xx_hal_eth.o
                0x0000000008001e68                HAL_ETH_Init
 .text.HAL_ETH_Start
                0x0000000008002060       0x74 Drivers/STM32F4xx_HAL_Driver/Src/stm32f4xx_hal_eth.o
                0x0000000008002060                HAL_ETH_Start
 .text.HAL_ETH_Stop
                0x00000000080020d4       0x74 Drivers/STM32F4xx_HAL_Driver/Src/stm32f4xx_hal_eth.o
                0x00000000080020d4                HAL_ETH_Stop
 .text.HAL_ETH_ConfigMAC
                0x0000000008002148      0x118 Drivers/STM32F4xx_HAL_Driver/Src/stm32f4xx_hal_eth.o
                0x0000000008002148                HAL_ETH_ConfigMAC
 .text.HAL_GPIO_Init
                0x0000000008002260      0x1b4 Drivers/STM32F4xx_HAL_Driver/Src/stm32f4xx_hal_gpio.o
                0x0000000008002260                HAL_GPIO_Init
 .text.HAL_GPIO_WritePin
                0x0000000008002414        0xa Drivers/STM32F4xx_HAL_Driver/Src/stm32f4xx_hal_gpio.o
                0x0000000008002414                HAL_GPIO_WritePin
 *fill*         0x000000000800241e        0x2 
 .text.HAL_RCC_OscConfig
                0x0000000008002420      0x358 Drivers/STM32F4xx_HAL_Driver/Src/stm32f4xx_hal_rcc.o
                0x0000000008002420                HAL_RCC_OscConfig
 .text.HAL_RCC_GetSysClockFreq
                0x0000000008002778       0x5c Drivers/STM32F4xx_HAL_Driver/Src/stm32f4xx_hal_rcc.o
                0x0000000008002778                HAL_RCC_GetSysClockFreq
 .text.HAL_RCC_ClockConfig
                0x00000000080027d4      0x138 Drivers/STM32F4xx_HAL_Driver/Src/stm32f4xx_hal_rcc.o
                0x00000000080027d4                HAL_RCC_ClockConfig
 .text.HAL_RCC_GetHCLKFreq
                0x000000000800290c        0xc Drivers/STM32F4xx_HAL_Driver/Src/stm32f4xx_hal_rcc.o
                0x000000000800290c                HAL_RCC_GetHCLKFreq
 .text.MX_LWIP_Init
                0x0000000008002918       0xf8 LWIP/App/lwip.o
                0x0000000008002918                MX_LWIP_Init
 .text.low_level_output
                0x0000000008002a10       0xa0 LWIP/Target/ethernetif.o
 .text.ethernetif_input
                0x0000000008002ab0       0xfc LWIP/Target/ethernetif.o
                0x0000000008002ab0                ethernetif_input
 .text.HAL_ETH_MspInit
                0x0000000008002bac      0x108 LWIP/Target/ethernetif.o
                0x0000000008002bac                HAL_ETH_MspInit
 .text.HAL_ETH_RxCpltCallback
                0x0000000008002cb4        0xc LWIP/Target/ethernetif.o
                0x0000000008002cb4                HAL_ETH_RxCpltCallback
 .text.ethernetif_init
                0x0000000008002cc0      0x15c LWIP/Target/ethernetif.o
                0x0000000008002cc0                ethernetif_init
 .text.sys_now  0x0000000008002e1c        0x4 LWIP/Target/ethernetif.o
                0x0000000008002e1c                sys_now
 .text.ethernetif_set_link
                0x0000000008002e20       0x48 LWIP/Target/ethernetif.o
                0x0000000008002e20                ethernetif_set_link
 .text.ethernetif_notify_conn_changed
                0x0000000008002e68        0x2 LWIP/Target/ethernetif.o
                0x0000000008002e68                ethernetif_notify_conn_changed
 *fill*         0x0000000008002e6a        0x2 
 .text.ethernetif_update_config
                0x0000000008002e6c       0xa8 LWIP/Target/ethernetif.o
                0x0000000008002e6c                ethernetif_update_config
 .text.osKernelInitialize
                0x0000000008002f14       0x24 Middlewares/Third_Party/FreeRTOS/Source/CMSIS_RTOS_V2/cmsis_os2.o
                0x0000000008002f14                osKernelInitialize
 .text.osKernelStart
                0x0000000008002f38       0x34 Middlewares/Third_Party/FreeRTOS/Source/CMSIS_RTOS_V2/cmsis_os2.o
                0x0000000008002f38                osKernelStart
 .text.osKernelGetTickCount
                0x0000000008002f6c        0xe Middlewares/Third_Party/FreeRTOS/Source/CMSIS_RTOS_V2/cmsis_os2.o
                0x0000000008002f6c                osKernelGetTickCount
 .text.osThreadNew
                0x0000000008002f7a       0x92 Middlewares/Third_Party/FreeRTOS/Source/CMSIS_RTOS_V2/cmsis_os2.o
                0x0000000008002f7a                osThreadNew
 .text.osThreadTerminate
                0x000000000800300c       0x30 Middlewares/Third_Party/FreeRTOS/Source/CMSIS_RTOS_V2/cmsis_os2.o
                0x000000000800300c                osThreadTerminate
 .text.osDelay  0x000000000800303c       0x18 Middlewares/Third_Party/FreeRTOS/Source/CMSIS_RTOS_V2/cmsis_os2.o
                0x000000000800303c                osDelay
 .text.osMutexNew
                0x0000000008003054       0x6a Middlewares/Third_Party/FreeRTOS/Source/CMSIS_RTOS_V2/cmsis_os2.o
                0x0000000008003054                osMutexNew
 .text.osMutexAcquire
                0x00000000080030be       0x44 Middlewares/Third_Party/FreeRTOS/Source/CMSIS_RTOS_V2/cmsis_os2.o
                0x00000000080030be                osMutexAcquire
 .text.osMutexRelease
                0x0000000008003102       0x3c Middlewares/Third_Party/FreeRTOS/Source/CMSIS_RTOS_V2/cmsis_os2.o
                0x0000000008003102                osMutexRelease
 .text.osSemaphoreNew
                0x000000000800313e       0x94 Middlewares/Third_Party/FreeRTOS/Source/CMSIS_RTOS_V2/cmsis_os2.o
                0x000000000800313e                osSemaphoreNew
 *fill*         0x00000000080031d2        0x2 
 .text.osSemaphoreAcquire
                0x00000000080031d4       0x58 Middlewares/Third_Party/FreeRTOS/Source/CMSIS_RTOS_V2/cmsis_os2.o
                0x00000000080031d4                osSemaphoreAcquire
 .text.osSemaphoreRelease
                0x000000000800322c       0x50 Middlewares/Third_Party/FreeRTOS/Source/CMSIS_RTOS_V2/cmsis_os2.o
                0x000000000800322c                osSemaphoreRelease
 .text.osSemaphoreGetCount
                0x000000000800327c       0x12 Middlewares/Third_Party/FreeRTOS/Source/CMSIS_RTOS_V2/cmsis_os2.o
                0x000000000800327c                osSemaphoreGetCount
 .text.osSemaphoreDelete
                0x000000000800328e       0x26 Middlewares/Third_Party/FreeRTOS/Source/CMSIS_RTOS_V2/cmsis_os2.o
                0x000000000800328e                osSemaphoreDelete
 .text.osMessageQueueNew
                0x00000000080032b4       0x76 Middlewares/Third_Party/FreeRTOS/Source/CMSIS_RTOS_V2/cmsis_os2.o
                0x00000000080032b4                osMessageQueueNew
 *fill*         0x000000000800332a        0x2 
 .text.osMessageQueuePut
                0x000000000800332c       0x60 Middlewares/Third_Party/FreeRTOS/Source/CMSIS_RTOS_V2/cmsis_os2.o
                0x000000000800332c                osMessageQueuePut
 .text.osMessageQueueGet
                0x000000000800338c       0x60 Middlewares/Third_Party/FreeRTOS/Source/CMSIS_RTOS_V2/cmsis_os2.o
                0x000000000800338c                osMessageQueueGet
 .text.osMessageQueueGetCount
                0x00000000080033ec        0x4 Middlewares/Third_Party/FreeRTOS/Source/CMSIS_RTOS_V2/cmsis_os2.o
                0x00000000080033ec                osMessageQueueGetCount
 .text.osMessageQueueDelete
                0x00000000080033f0        0x4 Middlewares/Third_Party/FreeRTOS/Source/CMSIS_RTOS_V2/cmsis_os2.o
                0x00000000080033f0                osMessageQueueDelete
 .text.vApplicationGetIdleTaskMemory
                0x00000000080033f4       0x18 Middlewares/Third_Party/FreeRTOS/Source/CMSIS_RTOS_V2/cmsis_os2.o
                0x00000000080033f4                vApplicationGetIdleTaskMemory
 .text.vApplicationGetTimerTaskMemory
                0x000000000800340c       0x18 Middlewares/Third_Party/FreeRTOS/Source/CMSIS_RTOS_V2/cmsis_os2.o
                0x000000000800340c                vApplicationGetTimerTaskMemory
 .text.vListInitialise
                0x0000000008003424       0x16 Middlewares/Third_Party/FreeRTOS/Source/list.o
                0x0000000008003424                vListInitialise
 .text.vListInitialiseItem
                0x000000000800343a        0x6 Middlewares/Third_Party/FreeRTOS/Source/list.o
                0x000000000800343a                vListInitialiseItem
 .text.vListInsertEnd
                0x0000000008003440       0x18 Middlewares/Third_Party/FreeRTOS/Source/list.o
                0x0000000008003440                vListInsertEnd
 .text.vListInsert
                0x0000000008003458       0x2e Middlewares/Third_Party/FreeRTOS/Source/list.o
                0x0000000008003458                vListInsert
 .text.uxListRemove
                0x0000000008003486       0x20 Middlewares/Third_Party/FreeRTOS/Source/list.o
                0x0000000008003486                uxListRemove
 .text.prvIsQueueEmpty
                0x00000000080034a6       0x16 Middlewares/Third_Party/FreeRTOS/Source/queue.o
 .text.prvCopyDataToQueue
                0x00000000080034bc       0x6a Middlewares/Third_Party/FreeRTOS/Source/queue.o
 .text.prvCopyDataFromQueue
                0x0000000008003526       0x2c Middlewares/Third_Party/FreeRTOS/Source/queue.o
 .text.prvUnlockQueue
                0x0000000008003552       0x70 Middlewares/Third_Party/FreeRTOS/Source/queue.o
 *fill*         0x00000000080035c2        0x2 
 .text.xQueueGenericReset
                0x00000000080035c4       0x80 Middlewares/Third_Party/FreeRTOS/Source/queue.o
                0x00000000080035c4                xQueueGenericReset
 .text.xQueueGenericCreateStatic
                0x0000000008003644       0x9c Middlewares/Third_Party/FreeRTOS/Source/queue.o
                0x0000000008003644                xQueueGenericCreateStatic
 .text.xQueueGenericCreate
                0x00000000080036e0       0x4e Middlewares/Third_Party/FreeRTOS/Source/queue.o
                0x00000000080036e0                xQueueGenericCreate
 .text.xQueueCreateCountingSemaphoreStatic
                0x000000000800372e       0x44 Middlewares/Third_Party/FreeRTOS/Source/queue.o
                0x000000000800372e                xQueueCreateCountingSemaphoreStatic
 .text.xQueueCreateCountingSemaphore
                0x0000000008003772       0x3c Middlewares/Third_Party/FreeRTOS/Source/queue.o
                0x0000000008003772                xQueueCreateCountingSemaphore
 *fill*         0x00000000080037ae        0x2 
 .text.xQueueGenericSend
                0x00000000080037b0      0x164 Middlewares/Third_Party/FreeRTOS/Source/queue.o
                0x00000000080037b0                xQueueGenericSend
 .text.xQueueCreateMutexStatic
                0x0000000008003914       0x2a Middlewares/Third_Party/FreeRTOS/Source/queue.o
                0x0000000008003914                xQueueCreateMutexStatic
 .text.xQueueGiveMutexRecursive
                0x000000000800393e       0x3c Middlewares/Third_Party/FreeRTOS/Source/queue.o
                0x000000000800393e                xQueueGiveMutexRecursive
 .text.xQueueCreateMutex
                0x000000000800397a       0x3a Middlewares/Third_Party/FreeRTOS/Source/queue.o
                0x000000000800397a                xQueueCreateMutex
 .text.xQueueGenericSendFromISR
                0x00000000080039b4       0xc4 Middlewares/Third_Party/FreeRTOS/Source/queue.o
                0x00000000080039b4                xQueueGenericSendFromISR
 .text.xQueueGiveFromISR
                0x0000000008003a78       0xa8 Middlewares/Third_Party/FreeRTOS/Source/queue.o
                0x0000000008003a78                xQueueGiveFromISR
 .text.xQueueReceive
                0x0000000008003b20      0x140 Middlewares/Third_Party/FreeRTOS/Source/queue.o
                0x0000000008003b20                xQueueReceive
 .text.xQueueSemaphoreTake
                0x0000000008003c60      0x188 Middlewares/Third_Party/FreeRTOS/Source/queue.o
                0x0000000008003c60                xQueueSemaphoreTake
 .text.xQueueTakeMutexRecursive
                0x0000000008003de8       0x44 Middlewares/Third_Party/FreeRTOS/Source/queue.o
                0x0000000008003de8                xQueueTakeMutexRecursive
 .text.xQueueReceiveFromISR
                0x0000000008003e2c       0x9e Middlewares/Third_Party/FreeRTOS/Source/queue.o
                0x0000000008003e2c                xQueueReceiveFromISR
 .text.uxQueueMessagesWaiting
                0x0000000008003eca       0x2a Middlewares/Third_Party/FreeRTOS/Source/queue.o
                0x0000000008003eca                uxQueueMessagesWaiting
 .text.uxQueueMessagesWaitingFromISR
                0x0000000008003ef4       0x18 Middlewares/Third_Party/FreeRTOS/Source/queue.o
                0x0000000008003ef4                uxQueueMessagesWaitingFromISR
 .text.vQueueAddToRegistry
                0x0000000008003f0c       0x24 Middlewares/Third_Party/FreeRTOS/Source/queue.o
                0x0000000008003f0c                vQueueAddToRegistry
 .text.vQueueUnregisterQueue
                0x0000000008003f30       0x30 Middlewares/Third_Party/FreeRTOS/Source/queue.o
                0x0000000008003f30                vQueueUnregisterQueue
 .text.vQueueDelete
                0x0000000008003f60       0x2a Middlewares/Third_Party/FreeRTOS/Source/queue.o
                0x0000000008003f60                vQueueDelete
 .text.vQueueWaitForMessageRestricted
                0x0000000008003f8a       0x46 Middlewares/Third_Party/FreeRTOS/Source/queue.o
                0x0000000008003f8a                vQueueWaitForMessageRestricted
 .text.prvAddNewTaskToReadyList
                0x0000000008003fd0      0x100 Middlewares/Third_Party/FreeRTOS/Source/tasks.o
 .text.prvResetNextTaskUnblockTime
                0x00000000080040d0       0x24 Middlewares/Third_Party/FreeRTOS/Source/tasks.o
 .text.prvInitialiseNewTask.isra.0
                0x00000000080040f4       0x9c Middlewares/Third_Party/FreeRTOS/Source/tasks.o
 .text.prvDeleteTCB
                0x0000000008004190       0x36 Middlewares/Third_Party/FreeRTOS/Source/tasks.o
 *fill*         0x00000000080041c6        0x2 
 .text.prvIdleTask
                0x00000000080041c8       0x64 Middlewares/Third_Party/FreeRTOS/Source/tasks.o
 .text.prvAddCurrentTaskToDelayedList
                0x000000000800422c       0x74 Middlewares/Third_Party/FreeRTOS/Source/tasks.o
 .text.xTaskCreateStatic
                0x00000000080042a0       0x70 Middlewares/Third_Party/FreeRTOS/Source/tasks.o
                0x00000000080042a0                xTaskCreateStatic
 .text.xTaskCreate
                0x0000000008004310       0x5a Middlewares/Third_Party/FreeRTOS/Source/tasks.o
                0x0000000008004310                xTaskCreate
 *fill*         0x000000000800436a        0x2 
 .text.vTaskDelete
                0x000000000800436c       0xb0 Middlewares/Third_Party/FreeRTOS/Source/tasks.o
                0x000000000800436c                vTaskDelete
 .text.eTaskGetState
                0x000000000800441c       0x84 Middlewares/Third_Party/FreeRTOS/Source/tasks.o
                0x000000000800441c                eTaskGetState
 .text.vTaskStartScheduler
                0x00000000080044a0       0x88 Middlewares/Third_Party/FreeRTOS/Source/tasks.o
                0x00000000080044a0                vTaskStartScheduler
 .text.vTaskSuspendAll
                0x0000000008004528       0x10 Middlewares/Third_Party/FreeRTOS/Source/tasks.o
                0x0000000008004528                vTaskSuspendAll
 .text.xTaskGetTickCount
                0x0000000008004538        0xc Middlewares/Third_Party/FreeRTOS/Source/tasks.o
                0x0000000008004538                xTaskGetTickCount
 .text.xTaskGetTickCountFromISR
                0x0000000008004544       0x10 Middlewares/Third_Party/FreeRTOS/Source/tasks.o
                0x0000000008004544                xTaskGetTickCountFromISR
 .text.xTaskIncrementTick
                0x0000000008004554      0x12c Middlewares/Third_Party/FreeRTOS/Source/tasks.o
                0x0000000008004554                xTaskIncrementTick
 .text.xTaskResumeAll
                0x0000000008004680       0xe8 Middlewares/Third_Party/FreeRTOS/Source/tasks.o
                0x0000000008004680                xTaskResumeAll
 .text.vTaskDelay
                0x0000000008004768       0x48 Middlewares/Third_Party/FreeRTOS/Source/tasks.o
                0x0000000008004768                vTaskDelay
 .text.vTaskSwitchContext
                0x00000000080047b0       0x78 Middlewares/Third_Party/FreeRTOS/Source/tasks.o
                0x00000000080047b0                vTaskSwitchContext
 .text.vTaskPlaceOnEventList
                0x0000000008004828       0x34 Middlewares/Third_Party/FreeRTOS/Source/tasks.o
                0x0000000008004828                vTaskPlaceOnEventList
 .text.vTaskPlaceOnEventListRestricted
                0x000000000800485c       0x3c Middlewares/Third_Party/FreeRTOS/Source/tasks.o
                0x000000000800485c                vTaskPlaceOnEventListRestricted
 .text.xTaskRemoveFromEventList
                0x0000000008004898       0x88 Middlewares/Third_Party/FreeRTOS/Source/tasks.o
                0x0000000008004898                xTaskRemoveFromEventList
 .text.vTaskInternalSetTimeOutState
                0x0000000008004920       0x18 Middlewares/Third_Party/FreeRTOS/Source/tasks.o
                0x0000000008004920                vTaskInternalSetTimeOutState
 .text.xTaskCheckForTimeOut
                0x0000000008004938       0x78 Middlewares/Third_Party/FreeRTOS/Source/tasks.o
                0x0000000008004938                xTaskCheckForTimeOut
 .text.vTaskMissedYield
                0x00000000080049b0        0xc Middlewares/Third_Party/FreeRTOS/Source/tasks.o
                0x00000000080049b0                vTaskMissedYield
 .text.xTaskGetCurrentTaskHandle
                0x00000000080049bc        0xc Middlewares/Third_Party/FreeRTOS/Source/tasks.o
                0x00000000080049bc                xTaskGetCurrentTaskHandle
 .text.xTaskGetSchedulerState
                0x00000000080049c8       0x20 Middlewares/Third_Party/FreeRTOS/Source/tasks.o
                0x00000000080049c8                xTaskGetSchedulerState
 .text.xTaskPriorityInherit
                0x00000000080049e8       0x84 Middlewares/Third_Party/FreeRTOS/Source/tasks.o
                0x00000000080049e8                xTaskPriorityInherit
 .text.xTaskPriorityDisinherit
                0x0000000008004a6c       0x88 Middlewares/Third_Party/FreeRTOS/Source/tasks.o
                0x0000000008004a6c                xTaskPriorityDisinherit
 .text.vTaskPriorityDisinheritAfterTimeout
                0x0000000008004af4       0xa4 Middlewares/Third_Party/FreeRTOS/Source/tasks.o
                0x0000000008004af4                vTaskPriorityDisinheritAfterTimeout
 .text.pvTaskIncrementMutexHeldCount
                0x0000000008004b98       0x18 Middlewares/Third_Party/FreeRTOS/Source/tasks.o
                0x0000000008004b98                pvTaskIncrementMutexHeldCount
 .text.prvCheckForValidListAndQueue
                0x0000000008004bb0       0x68 Middlewares/Third_Party/FreeRTOS/Source/timers.o
 .text.prvInsertTimerInActiveList
                0x0000000008004c18       0x3c Middlewares/Third_Party/FreeRTOS/Source/timers.o
 .text.xTimerCreateTimerTask
                0x0000000008004c54       0x64 Middlewares/Third_Party/FreeRTOS/Source/timers.o
                0x0000000008004c54                xTimerCreateTimerTask
 .text.xTimerGenericCommand
                0x0000000008004cb8       0x58 Middlewares/Third_Party/FreeRTOS/Source/timers.o
                0x0000000008004cb8                xTimerGenericCommand
 .text.prvSwitchTimerLists
                0x0000000008004d10       0x7c Middlewares/Third_Party/FreeRTOS/Source/timers.o
 .text.prvTimerTask
                0x0000000008004d8c      0x1f8 Middlewares/Third_Party/FreeRTOS/Source/timers.o
 .text.prvPortStartFirstTask
                0x0000000008004f84       0x28 Middlewares/Third_Party/FreeRTOS/Source/portable/GCC/ARM_CM4F/port.o
 .text.vPortEnableVFP
                0x0000000008004fac       0x14 Middlewares/Third_Party/FreeRTOS/Source/portable/GCC/ARM_CM4F/port.o
 .text.prvTaskExitError
                0x0000000008004fc0       0x40 Middlewares/Third_Party/FreeRTOS/Source/portable/GCC/ARM_CM4F/port.o
 .text.pxPortInitialiseStack
                0x0000000008005000       0x2c Middlewares/Third_Party/FreeRTOS/Source/portable/GCC/ARM_CM4F/port.o
                0x0000000008005000                pxPortInitialiseStack
 *fill*         0x000000000800502c        0x4 
 .text.SVC_Handler
                0x0000000008005030       0x24 Middlewares/Third_Party/FreeRTOS/Source/portable/GCC/ARM_CM4F/port.o
                0x0000000008005030                SVC_Handler
 .text.vPortEnterCritical
                0x0000000008005054       0x44 Middlewares/Third_Party/FreeRTOS/Source/portable/GCC/ARM_CM4F/port.o
                0x0000000008005054                vPortEnterCritical
 .text.vPortExitCritical
                0x0000000008005098       0x28 Middlewares/Third_Party/FreeRTOS/Source/portable/GCC/ARM_CM4F/port.o
                0x0000000008005098                vPortExitCritical
 .text.PendSV_Handler
                0x00000000080050c0       0x64 Middlewares/Third_Party/FreeRTOS/Source/portable/GCC/ARM_CM4F/port.o
                0x00000000080050c0                PendSV_Handler
 .text.xPortSysTickHandler
                0x0000000008005124       0x2c Middlewares/Third_Party/FreeRTOS/Source/portable/GCC/ARM_CM4F/port.o
                0x0000000008005124                xPortSysTickHandler
 .text.vPortSetupTimerInterrupt
                0x0000000008005150       0x34 Middlewares/Third_Party/FreeRTOS/Source/portable/GCC/ARM_CM4F/port.o
                0x0000000008005150                vPortSetupTimerInterrupt
 .text.xPortStartScheduler
                0x0000000008005184      0x108 Middlewares/Third_Party/FreeRTOS/Source/portable/GCC/ARM_CM4F/port.o
                0x0000000008005184                xPortStartScheduler
 .text.vPortValidateInterruptPriority
                0x000000000800528c       0x5c Middlewares/Third_Party/FreeRTOS/Source/portable/GCC/ARM_CM4F/port.o
                0x000000000800528c                vPortValidateInterruptPriority
 .text.prvInsertBlockIntoFreeList
                0x00000000080052e8       0x48 Middlewares/Third_Party/FreeRTOS/Source/portable/MemMang/heap_4.o
 .text.pvPortMalloc
                0x0000000008005330      0x124 Middlewares/Third_Party/FreeRTOS/Source/portable/MemMang/heap_4.o
                0x0000000008005330                pvPortMalloc
 .text.vPortFree
                0x0000000008005454       0x7c Middlewares/Third_Party/FreeRTOS/Source/portable/MemMang/heap_4.o
                0x0000000008005454                vPortFree
 .text.netconn_apimsg
                0x00000000080054d0       0x14 Middlewares/Third_Party/LwIP/src/api/api_lib.o
 .text.netconn_close_shutdown
                0x00000000080054e4       0x44 Middlewares/Third_Party/LwIP/src/api/api_lib.o
 .text.netconn_new_with_proto_and_callback
                0x0000000008005528       0xb4 Middlewares/Third_Party/LwIP/src/api/api_lib.o
                0x0000000008005528                netconn_new_with_proto_and_callback
 .text.netconn_prepare_delete
                0x00000000080055dc       0x20 Middlewares/Third_Party/LwIP/src/api/api_lib.o
                0x00000000080055dc                netconn_prepare_delete
 .text.netconn_delete
                0x00000000080055fc       0x1c Middlewares/Third_Party/LwIP/src/api/api_lib.o
                0x00000000080055fc                netconn_delete
 .text.netconn_getaddr
                0x0000000008005618       0x64 Middlewares/Third_Party/LwIP/src/api/api_lib.o
                0x0000000008005618                netconn_getaddr
 .text.netconn_bind
                0x000000000800567c       0x4c Middlewares/Third_Party/LwIP/src/api/api_lib.o
                0x000000000800567c                netconn_bind
 .text.netconn_listen_with_backlog
                0x00000000080056c8       0x3c Middlewares/Third_Party/LwIP/src/api/api_lib.o
                0x00000000080056c8                netconn_listen_with_backlog
 .text.netconn_tcp_recvd
                0x0000000008005704       0x48 Middlewares/Third_Party/LwIP/src/api/api_lib.o
                0x0000000008005704                netconn_tcp_recvd
 .text.netconn_send
                0x000000000800574c       0x3c Middlewares/Third_Party/LwIP/src/api/api_lib.o
                0x000000000800574c                netconn_send
 .text.netconn_write_vectors_partly
                0x0000000008005788       0xd8 Middlewares/Third_Party/LwIP/src/api/api_lib.o
                0x0000000008005788                netconn_write_vectors_partly
 .text.netconn_write_partly
                0x0000000008005860       0x18 Middlewares/Third_Party/LwIP/src/api/api_lib.o
                0x0000000008005860                netconn_write_partly
 .text.netconn_err
                0x0000000008005878       0x1e Middlewares/Third_Party/LwIP/src/api/api_lib.o
                0x0000000008005878                netconn_err
 *fill*         0x0000000008005896        0x2 
 .text.netconn_accept
                0x0000000008005898       0xb0 Middlewares/Third_Party/LwIP/src/api/api_lib.o
                0x0000000008005898                netconn_accept
 .text.netconn_recv_data
                0x0000000008005948       0xec Middlewares/Third_Party/LwIP/src/api/api_lib.o
 .text.netconn_recv_udp_raw_netbuf_flags
                0x0000000008005a34       0x38 Middlewares/Third_Party/LwIP/src/api/api_lib.o
                0x0000000008005a34                netconn_recv_udp_raw_netbuf_flags
 .text.netconn_recv_data_tcp
                0x0000000008005a6c       0xc4 Middlewares/Third_Party/LwIP/src/api/api_lib.o
 .text.netconn_recv_tcp_pbuf_flags
                0x0000000008005b30       0x38 Middlewares/Third_Party/LwIP/src/api/api_lib.o
                0x0000000008005b30                netconn_recv_tcp_pbuf_flags
 .text.recv_udp
                0x0000000008005b68       0xbc Middlewares/Third_Party/LwIP/src/api/api_msg.o
 .text.setup_tcp
                0x0000000008005c24       0x44 Middlewares/Third_Party/LwIP/src/api/api_msg.o
 .text.lwip_netconn_do_writemore
                0x0000000008005c68      0x250 Middlewares/Third_Party/LwIP/src/api/api_msg.o
 .text.lwip_netconn_do_close_internal
                0x0000000008005eb8      0x1e8 Middlewares/Third_Party/LwIP/src/api/api_msg.o
 .text.poll_tcp
                0x00000000080060a0       0x78 Middlewares/Third_Party/LwIP/src/api/api_msg.o
 .text.recv_tcp
                0x0000000008006118       0xd0 Middlewares/Third_Party/LwIP/src/api/api_msg.o
 .text.err_tcp  0x00000000080061e8      0x140 Middlewares/Third_Party/LwIP/src/api/api_msg.o
 .text.sent_tcp
                0x0000000008006328       0x6c Middlewares/Third_Party/LwIP/src/api/api_msg.o
 .text.lwip_netconn_is_err_msg
                0x0000000008006394       0x54 Middlewares/Third_Party/LwIP/src/api/api_msg.o
                0x0000000008006394                lwip_netconn_is_err_msg
 .text.lwip_netconn_do_newconn
                0x00000000080063e8       0x60 Middlewares/Third_Party/LwIP/src/api/api_msg.o
                0x00000000080063e8                lwip_netconn_do_newconn
 .text.netconn_alloc
                0x0000000008006448       0x8c Middlewares/Third_Party/LwIP/src/api/api_msg.o
                0x0000000008006448                netconn_alloc
 .text.netconn_free
                0x00000000080064d4       0x78 Middlewares/Third_Party/LwIP/src/api/api_msg.o
                0x00000000080064d4                netconn_free
 .text.netconn_drain
                0x000000000800654c       0x9e Middlewares/Third_Party/LwIP/src/api/api_msg.o
 *fill*         0x00000000080065ea        0x2 
 .text.accept_function
                0x00000000080065ec       0xf4 Middlewares/Third_Party/LwIP/src/api/api_msg.o
 .text.lwip_netconn_do_delconn
                0x00000000080066e0      0x10c Middlewares/Third_Party/LwIP/src/api/api_msg.o
                0x00000000080066e0                lwip_netconn_do_delconn
 .text.lwip_netconn_do_bind
                0x00000000080067ec       0x34 Middlewares/Third_Party/LwIP/src/api/api_msg.o
                0x00000000080067ec                lwip_netconn_do_bind
 .text.lwip_netconn_do_listen
                0x0000000008006820       0xb8 Middlewares/Third_Party/LwIP/src/api/api_msg.o
                0x0000000008006820                lwip_netconn_do_listen
 .text.lwip_netconn_do_send
                0x00000000080068d8       0x3c Middlewares/Third_Party/LwIP/src/api/api_msg.o
                0x00000000080068d8                lwip_netconn_do_send
 .text.lwip_netconn_do_recv
                0x0000000008006914       0x36 Middlewares/Third_Party/LwIP/src/api/api_msg.o
                0x0000000008006914                lwip_netconn_do_recv
 *fill*         0x000000000800694a        0x2 
 .text.lwip_netconn_do_write
                0x000000000800694c       0xcc Middlewares/Third_Party/LwIP/src/api/api_msg.o
                0x000000000800694c                lwip_netconn_do_write
 .text.lwip_netconn_do_getaddr
                0x0000000008006a18       0x74 Middlewares/Third_Party/LwIP/src/api/api_msg.o
                0x0000000008006a18                lwip_netconn_do_getaddr
 .text.lwip_netconn_do_close
                0x0000000008006a8c       0xbc Middlewares/Third_Party/LwIP/src/api/api_msg.o
                0x0000000008006a8c                lwip_netconn_do_close
 .text.err_to_errno
                0x0000000008006b48       0x1c Middlewares/Third_Party/LwIP/src/api/err.o
                0x0000000008006b48                err_to_errno
 .text.netbuf_delete
                0x0000000008006b64       0x22 Middlewares/Third_Party/LwIP/src/api/netbuf.o
                0x0000000008006b64                netbuf_delete
 *fill*         0x0000000008006b86        0x2 
 .text.netbuf_free
                0x0000000008006b88       0x34 Middlewares/Third_Party/LwIP/src/api/netbuf.o
                0x0000000008006b88                netbuf_free
 .text.netbuf_ref
                0x0000000008006bbc       0x54 Middlewares/Third_Party/LwIP/src/api/netbuf.o
                0x0000000008006bbc                netbuf_ref
 .text.alloc_socket
                0x0000000008006c10       0x80 Middlewares/Third_Party/LwIP/src/api/sockets.o
 .text.lwip_recv_tcp
                0x0000000008006c90      0x158 Middlewares/Third_Party/LwIP/src/api/sockets.o
 .text.lwip_sock_make_addr.isra.0
                0x0000000008006de8       0x90 Middlewares/Third_Party/LwIP/src/api/sockets.o
 .text.free_socket
                0x0000000008006e78       0x36 Middlewares/Third_Party/LwIP/src/api/sockets.o
 *fill*         0x0000000008006eae        0x2 
 .text.lwip_recvfrom_udp_raw.isra.0
                0x0000000008006eb0       0xf0 Middlewares/Third_Party/LwIP/src/api/sockets.o
 .text.get_socket
                0x0000000008006fa0       0x24 Middlewares/Third_Party/LwIP/src/api/sockets.o
 .text.event_callback
                0x0000000008006fc4      0x164 Middlewares/Third_Party/LwIP/src/api/sockets.o
 .text.lwip_accept
                0x0000000008007128      0x14c Middlewares/Third_Party/LwIP/src/api/sockets.o
                0x0000000008007128                lwip_accept
 .text.lwip_bind
                0x0000000008007274       0x6c Middlewares/Third_Party/LwIP/src/api/sockets.o
                0x0000000008007274                lwip_bind
 .text.lwip_close
                0x00000000080072e0       0x70 Middlewares/Third_Party/LwIP/src/api/sockets.o
                0x00000000080072e0                lwip_close
 .text.lwip_listen
                0x0000000008007350       0x48 Middlewares/Third_Party/LwIP/src/api/sockets.o
                0x0000000008007350                lwip_listen
 .text.lwip_recvfrom
                0x0000000008007398       0xb8 Middlewares/Third_Party/LwIP/src/api/sockets.o
                0x0000000008007398                lwip_recvfrom
 .text.lwip_sendto
                0x0000000008007450       0xe8 Middlewares/Third_Party/LwIP/src/api/sockets.o
                0x0000000008007450                lwip_sendto
 .text.lwip_send
                0x0000000008007538       0x70 Middlewares/Third_Party/LwIP/src/api/sockets.o
                0x0000000008007538                lwip_send
 .text.lwip_socket
                0x00000000080075a8       0x70 Middlewares/Third_Party/LwIP/src/api/sockets.o
                0x00000000080075a8                lwip_socket
 .text.tcpip_thread
                0x0000000008007618       0xd0 Middlewares/Third_Party/LwIP/src/api/tcpip.o
 .text.tcpip_inpkt
                0x00000000080076e8       0x58 Middlewares/Third_Party/LwIP/src/api/tcpip.o
                0x00000000080076e8                tcpip_inpkt
 .text.tcpip_input
                0x0000000008007740       0x1c Middlewares/Third_Party/LwIP/src/api/tcpip.o
                0x0000000008007740                tcpip_input
 .text.tcpip_try_callback
                0x000000000800775c       0x58 Middlewares/Third_Party/LwIP/src/api/tcpip.o
                0x000000000800775c                tcpip_try_callback
 .text.tcpip_send_msg_wait_sem
                0x00000000080077b4       0x20 Middlewares/Third_Party/LwIP/src/api/tcpip.o
                0x00000000080077b4                tcpip_send_msg_wait_sem
 .text.tcpip_init
                0x00000000080077d4       0x80 Middlewares/Third_Party/LwIP/src/api/tcpip.o
                0x00000000080077d4                tcpip_init
 .text.lwip_htons
                0x0000000008007854        0x6 Middlewares/Third_Party/LwIP/src/core/def.o
                0x0000000008007854                lwip_htons
 .text.lwip_htonl
                0x000000000800785a        0x4 Middlewares/Third_Party/LwIP/src/core/def.o
                0x000000000800785a                lwip_htonl
 *fill*         0x000000000800785e        0x2 
 .text.dns_call_found
                0x0000000008007860       0xa0 Middlewares/Third_Party/LwIP/src/core/dns.o
 .text.dns_send
                0x0000000008007900      0x160 Middlewares/Third_Party/LwIP/src/core/dns.o
 .text.dns_check_entry
                0x0000000008007a60       0xf0 Middlewares/Third_Party/LwIP/src/core/dns.o
 .text.dns_init
                0x0000000008007b50        0x2 Middlewares/Third_Party/LwIP/src/core/dns.o
                0x0000000008007b50                dns_init
 .text.dns_tmr  0x0000000008007b52       0x1e Middlewares/Third_Party/LwIP/src/core/dns.o
                0x0000000008007b52                dns_tmr
 .text.lwip_init
                0x0000000008007b70       0x26 Middlewares/Third_Party/LwIP/src/core/init.o
                0x0000000008007b70                lwip_init
 *fill*         0x0000000008007b96        0x2 
 .text.mem_init
                0x0000000008007b98       0x70 Middlewares/Third_Party/LwIP/src/core/mem.o
                0x0000000008007b98                mem_init
 .text.mem_free
                0x0000000008007c08      0x1b4 Middlewares/Third_Party/LwIP/src/core/mem.o
                0x0000000008007c08                mem_free
 .text.mem_trim
                0x0000000008007dbc      0x168 Middlewares/Third_Party/LwIP/src/core/mem.o
                0x0000000008007dbc                mem_trim
 .text.mem_malloc
                0x0000000008007f24      0x15c Middlewares/Third_Party/LwIP/src/core/mem.o
                0x0000000008007f24                mem_malloc
 .text.do_memp_malloc_pool.isra.0
                0x0000000008008080       0x3c Middlewares/Third_Party/LwIP/src/core/memp.o
 .text.do_memp_free_pool.isra.0
                0x00000000080080bc       0x38 Middlewares/Third_Party/LwIP/src/core/memp.o
 .text.memp_init_pool
                0x00000000080080f4       0x26 Middlewares/Third_Party/LwIP/src/core/memp.o
                0x00000000080080f4                memp_init_pool
 *fill*         0x000000000800811a        0x2 
 .text.memp_init
                0x000000000800811c       0x1c Middlewares/Third_Party/LwIP/src/core/memp.o
                0x000000000800811c                memp_init
 .text.memp_malloc
                0x0000000008008138       0x38 Middlewares/Third_Party/LwIP/src/core/memp.o
                0x0000000008008138                memp_malloc
 .text.memp_free
                0x0000000008008170       0x34 Middlewares/Third_Party/LwIP/src/core/memp.o
                0x0000000008008170                memp_free
 .text.netif_null_output_ip4
                0x00000000080081a4        0x6 Middlewares/Third_Party/LwIP/src/core/netif.o
 *fill*         0x00000000080081aa        0x2 
 .text.netif_issue_reports
                0x00000000080081ac       0x48 Middlewares/Third_Party/LwIP/src/core/netif.o
 .text.netif_do_set_ipaddr
                0x00000000080081f4       0x58 Middlewares/Third_Party/LwIP/src/core/netif.o
 .text.netif_init
                0x000000000800824c        0x2 Middlewares/Third_Party/LwIP/src/core/netif.o
                0x000000000800824c                netif_init
 *fill*         0x000000000800824e        0x2 
 .text.netif_set_addr
                0x0000000008008250       0x58 Middlewares/Third_Party/LwIP/src/core/netif.o
                0x0000000008008250                netif_set_addr
 .text.netif_add
                0x00000000080082a8      0x12c Middlewares/Third_Party/LwIP/src/core/netif.o
                0x00000000080082a8                netif_add
 .text.netif_set_default
                0x00000000080083d4        0xc Middlewares/Third_Party/LwIP/src/core/netif.o
                0x00000000080083d4                netif_set_default
 .text.netif_set_up
                0x00000000080083e0       0x34 Middlewares/Third_Party/LwIP/src/core/netif.o
                0x00000000080083e0                netif_set_up
 .text.netif_set_down
                0x0000000008008414       0x38 Middlewares/Third_Party/LwIP/src/core/netif.o
                0x0000000008008414                netif_set_down
 .text.netif_set_link_up
                0x000000000800844c       0x48 Middlewares/Third_Party/LwIP/src/core/netif.o
                0x000000000800844c                netif_set_link_up
 .text.netif_set_link_down
                0x0000000008008494       0x34 Middlewares/Third_Party/LwIP/src/core/netif.o
                0x0000000008008494                netif_set_link_down
 .text.netif_set_link_callback
                0x00000000080084c8        0x6 Middlewares/Third_Party/LwIP/src/core/netif.o
                0x00000000080084c8                netif_set_link_callback
 *fill*         0x00000000080084ce        0x2 
 .text.netif_get_by_index
                0x00000000080084d0       0x24 Middlewares/Third_Party/LwIP/src/core/netif.o
                0x00000000080084d0                netif_get_by_index
 .text.pbuf_skip_const
                0x00000000080084f4       0x16 Middlewares/Third_Party/LwIP/src/core/pbuf.o
 *fill*         0x000000000800850a        0x2 
 .text.pbuf_free_ooseq_callback
                0x000000000800850c       0x30 Middlewares/Third_Party/LwIP/src/core/pbuf.o
 .text.pbuf_add_header_impl
                0x000000000800853c       0x64 Middlewares/Third_Party/LwIP/src/core/pbuf.o
 .text.pbuf_alloc_reference
                0x00000000080085a0       0x48 Middlewares/Third_Party/LwIP/src/core/pbuf.o
                0x00000000080085a0                pbuf_alloc_reference
 .text.pbuf_alloced_custom
                0x00000000080085e8       0x34 Middlewares/Third_Party/LwIP/src/core/pbuf.o
                0x00000000080085e8                pbuf_alloced_custom
 .text.pbuf_add_header
                0x000000000800861c        0x6 Middlewares/Third_Party/LwIP/src/core/pbuf.o
                0x000000000800861c                pbuf_add_header
 *fill*         0x0000000008008622        0x2 
 .text.pbuf_remove_header
                0x0000000008008624       0x58 Middlewares/Third_Party/LwIP/src/core/pbuf.o
                0x0000000008008624                pbuf_remove_header
 .text.pbuf_header_force
                0x000000000800867c       0x10 Middlewares/Third_Party/LwIP/src/core/pbuf.o
                0x000000000800867c                pbuf_header_force
 .text.pbuf_free
                0x000000000800868c       0xd0 Middlewares/Third_Party/LwIP/src/core/pbuf.o
                0x000000000800868c                pbuf_free
 .text.pbuf_alloc
                0x000000000800875c      0x128 Middlewares/Third_Party/LwIP/src/core/pbuf.o
                0x000000000800875c                pbuf_alloc
 .text.pbuf_realloc
                0x0000000008008884       0xb0 Middlewares/Third_Party/LwIP/src/core/pbuf.o
                0x0000000008008884                pbuf_realloc
 .text.pbuf_free_header
                0x0000000008008934       0x30 Middlewares/Third_Party/LwIP/src/core/pbuf.o
                0x0000000008008934                pbuf_free_header
 .text.pbuf_clen
                0x0000000008008964       0x10 Middlewares/Third_Party/LwIP/src/core/pbuf.o
                0x0000000008008964                pbuf_clen
 .text.pbuf_ref
                0x0000000008008974       0x38 Middlewares/Third_Party/LwIP/src/core/pbuf.o
                0x0000000008008974                pbuf_ref
 .text.pbuf_cat
                0x00000000080089ac       0x74 Middlewares/Third_Party/LwIP/src/core/pbuf.o
                0x00000000080089ac                pbuf_cat
 .text.pbuf_chain
                0x0000000008008a20       0x12 Middlewares/Third_Party/LwIP/src/core/pbuf.o
                0x0000000008008a20                pbuf_chain
 *fill*         0x0000000008008a32        0x2 
 .text.pbuf_copy
                0x0000000008008a34      0x104 Middlewares/Third_Party/LwIP/src/core/pbuf.o
                0x0000000008008a34                pbuf_copy
 .text.pbuf_copy_partial
                0x0000000008008b38       0x8c Middlewares/Third_Party/LwIP/src/core/pbuf.o
                0x0000000008008b38                pbuf_copy_partial
 .text.pbuf_take
                0x0000000008008bc4       0xbc Middlewares/Third_Party/LwIP/src/core/pbuf.o
                0x0000000008008bc4                pbuf_take
 .text.pbuf_take_at
                0x0000000008008c80       0x78 Middlewares/Third_Party/LwIP/src/core/pbuf.o
                0x0000000008008c80                pbuf_take_at
 .text.pbuf_clone
                0x0000000008008cf8       0x38 Middlewares/Third_Party/LwIP/src/core/pbuf.o
                0x0000000008008cf8                pbuf_clone
 .text.pbuf_put_at
                0x0000000008008d30       0x20 Middlewares/Third_Party/LwIP/src/core/pbuf.o
                0x0000000008008d30                pbuf_put_at
 .text.tcp_new_port
                0x0000000008008d50       0x54 Middlewares/Third_Party/LwIP/src/core/tcp.o
 .text.tcp_close_shutdown_fin
                0x0000000008008da4       0x60 Middlewares/Third_Party/LwIP/src/core/tcp.o
 .text.tcp_init
                0x0000000008008e04       0x18 Middlewares/Third_Party/LwIP/src/core/tcp.o
                0x0000000008008e04                tcp_init
 .text.tcp_free
                0x0000000008008e1c       0x30 Middlewares/Third_Party/LwIP/src/core/tcp.o
                0x0000000008008e1c                tcp_free
 .text.tcp_bind
                0x0000000008008e4c       0xac Middlewares/Third_Party/LwIP/src/core/tcp.o
                0x0000000008008e4c                tcp_bind
 .text.tcp_listen_with_backlog_and_err
                0x0000000008008ef8       0xcc Middlewares/Third_Party/LwIP/src/core/tcp.o
                0x0000000008008ef8                tcp_listen_with_backlog_and_err
 .text.tcp_update_rcv_ann_wnd
                0x0000000008008fc4       0x6c Middlewares/Third_Party/LwIP/src/core/tcp.o
                0x0000000008008fc4                tcp_update_rcv_ann_wnd
 .text.tcp_recved
                0x0000000008009030       0x7c Middlewares/Third_Party/LwIP/src/core/tcp.o
                0x0000000008009030                tcp_recved
 .text.tcp_seg_free
                0x00000000080090ac       0x1c Middlewares/Third_Party/LwIP/src/core/tcp.o
                0x00000000080090ac                tcp_seg_free
 .text.tcp_segs_free
                0x00000000080090c8       0x10 Middlewares/Third_Party/LwIP/src/core/tcp.o
                0x00000000080090c8                tcp_segs_free
 .text.tcp_seg_copy
                0x00000000080090d8       0x48 Middlewares/Third_Party/LwIP/src/core/tcp.o
                0x00000000080090d8                tcp_seg_copy
 .text.tcp_arg  0x0000000008009120        0x6 Middlewares/Third_Party/LwIP/src/core/tcp.o
                0x0000000008009120                tcp_arg
 *fill*         0x0000000008009126        0x2 
 .text.tcp_recv
                0x0000000008009128       0x30 Middlewares/Third_Party/LwIP/src/core/tcp.o
                0x0000000008009128                tcp_recv
 .text.tcp_sent
                0x0000000008009158       0x30 Middlewares/Third_Party/LwIP/src/core/tcp.o
                0x0000000008009158                tcp_sent
 .text.tcp_err  0x0000000008009188       0x30 Middlewares/Third_Party/LwIP/src/core/tcp.o
                0x0000000008009188                tcp_err
 .text.tcp_accept
                0x00000000080091b8        0xc Middlewares/Third_Party/LwIP/src/core/tcp.o
                0x00000000080091b8                tcp_accept
 .text.tcp_poll
                0x00000000080091c4       0x48 Middlewares/Third_Party/LwIP/src/core/tcp.o
                0x00000000080091c4                tcp_poll
 .text.tcp_next_iss
                0x000000000800920c       0x34 Middlewares/Third_Party/LwIP/src/core/tcp.o
                0x000000000800920c                tcp_next_iss
 .text.tcp_eff_send_mss_netif
                0x0000000008009240       0x3c Middlewares/Third_Party/LwIP/src/core/tcp.o
                0x0000000008009240                tcp_eff_send_mss_netif
 .text.tcp_free_ooseq
                0x000000000800927c       0x12 Middlewares/Third_Party/LwIP/src/core/tcp.o
                0x000000000800927c                tcp_free_ooseq
 *fill*         0x000000000800928e        0x2 
 .text.tcp_pcb_purge
                0x0000000008009290       0x64 Middlewares/Third_Party/LwIP/src/core/tcp.o
                0x0000000008009290                tcp_pcb_purge
 .text.tcp_pcb_remove
                0x00000000080092f4       0xcc Middlewares/Third_Party/LwIP/src/core/tcp.o
                0x00000000080092f4                tcp_pcb_remove
 .text.tcp_abandon
                0x00000000080093c0      0x104 Middlewares/Third_Party/LwIP/src/core/tcp.o
                0x00000000080093c0                tcp_abandon
 .text.tcp_abort
                0x00000000080094c4        0x6 Middlewares/Third_Party/LwIP/src/core/tcp.o
                0x00000000080094c4                tcp_abort
 *fill*         0x00000000080094ca        0x2 
 .text.tcp_accept_null
                0x00000000080094cc       0x2c Middlewares/Third_Party/LwIP/src/core/tcp.o
 .text.tcp_netif_ip_addr_changed_pcblist
                0x00000000080094f8       0x3c Middlewares/Third_Party/LwIP/src/core/tcp.o
 .text.tcp_netif_ip_addr_changed
                0x0000000008009534       0x48 Middlewares/Third_Party/LwIP/src/core/tcp.o
                0x0000000008009534                tcp_netif_ip_addr_changed
 .text.tcp_kill_state
                0x000000000800957c       0x3c Middlewares/Third_Party/LwIP/src/core/tcp.o
 .text.tcp_alloc
                0x00000000080095b8      0x134 Middlewares/Third_Party/LwIP/src/core/tcp.o
                0x00000000080095b8                tcp_alloc
 .text.tcp_new_ip_type
                0x00000000080096ec        0x6 Middlewares/Third_Party/LwIP/src/core/tcp.o
                0x00000000080096ec                tcp_new_ip_type
 *fill*         0x00000000080096f2        0x2 
 .text.tcp_close_shutdown
                0x00000000080096f4      0x164 Middlewares/Third_Party/LwIP/src/core/tcp.o
 .text.tcp_close
                0x0000000008009858       0x3c Middlewares/Third_Party/LwIP/src/core/tcp.o
                0x0000000008009858                tcp_close
 .text.tcp_recv_null
                0x0000000008009894       0x48 Middlewares/Third_Party/LwIP/src/core/tcp.o
                0x0000000008009894                tcp_recv_null
 .text.tcp_process_refused_data
                0x00000000080098dc       0x88 Middlewares/Third_Party/LwIP/src/core/tcp.o
                0x00000000080098dc                tcp_process_refused_data
 .text.tcp_fasttmr
                0x0000000008009964       0x80 Middlewares/Third_Party/LwIP/src/core/tcp.o
                0x0000000008009964                tcp_fasttmr
 .text.tcp_shutdown
                0x00000000080099e4       0x70 Middlewares/Third_Party/LwIP/src/core/tcp.o
                0x00000000080099e4                tcp_shutdown
 .text.tcp_slowtmr
                0x0000000008009a54      0x440 Middlewares/Third_Party/LwIP/src/core/tcp.o
                0x0000000008009a54                tcp_slowtmr
 .text.tcp_tmr  0x0000000008009e94       0x24 Middlewares/Third_Party/LwIP/src/core/tcp.o
                0x0000000008009e94                tcp_tmr
 .text.tcp_get_next_optbyte
                0x0000000008009eb8       0x38 Middlewares/Third_Party/LwIP/src/core/tcp_in.o
 .text.tcp_oos_insert_segment
                0x0000000008009ef0       0x94 Middlewares/Third_Party/LwIP/src/core/tcp_in.o
 .text.tcp_parseopt
                0x0000000008009f84       0x90 Middlewares/Third_Party/LwIP/src/core/tcp_in.o
 .text.tcp_input_delayed_close
                0x000000000800a014       0x58 Middlewares/Third_Party/LwIP/src/core/tcp_in.o
 .text.tcp_free_acked_segments.isra.0
                0x000000000800a06c       0xbc Middlewares/Third_Party/LwIP/src/core/tcp_in.o
 .text.tcp_receive
                0x000000000800a128      0x858 Middlewares/Third_Party/LwIP/src/core/tcp_in.o
 .text.tcp_input
                0x000000000800a980      0xad4 Middlewares/Third_Party/LwIP/src/core/tcp_in.o
                0x000000000800a980                tcp_input
 .text.tcp_trigger_input_pcb_close
                0x000000000800b454       0x10 Middlewares/Third_Party/LwIP/src/core/tcp_in.o
                0x000000000800b454                tcp_trigger_input_pcb_close
 .text.tcp_output_segment_busy
                0x000000000800b464       0x2c Middlewares/Third_Party/LwIP/src/core/tcp_out.o
 .text.tcp_pbuf_prealloc
                0x000000000800b490       0x98 Middlewares/Third_Party/LwIP/src/core/tcp_out.o
 .text.tcp_create_segment
                0x000000000800b528       0xe0 Middlewares/Third_Party/LwIP/src/core/tcp_out.o
 .text.tcp_output_alloc_header_common.constprop.0
                0x000000000800b608       0x84 Middlewares/Third_Party/LwIP/src/core/tcp_out.o
 .text.tcp_output_alloc_header.constprop.0
                0x000000000800b68c       0x4c Middlewares/Third_Party/LwIP/src/core/tcp_out.o
 .text.tcp_output_fill_options.isra.0.constprop.0
                0x000000000800b6d8       0x20 Middlewares/Third_Party/LwIP/src/core/tcp_out.o
 .text.tcp_output_control_segment
                0x000000000800b6f8       0x70 Middlewares/Third_Party/LwIP/src/core/tcp_out.o
 .text.tcp_write
                0x000000000800b768      0x540 Middlewares/Third_Party/LwIP/src/core/tcp_out.o
                0x000000000800b768                tcp_write
 .text.tcp_split_unsent_seg
                0x000000000800bca8      0x198 Middlewares/Third_Party/LwIP/src/core/tcp_out.o
                0x000000000800bca8                tcp_split_unsent_seg
 .text.tcp_enqueue_flags
                0x000000000800be40      0x128 Middlewares/Third_Party/LwIP/src/core/tcp_out.o
                0x000000000800be40                tcp_enqueue_flags
 .text.tcp_send_fin
                0x000000000800bf68       0x60 Middlewares/Third_Party/LwIP/src/core/tcp_out.o
                0x000000000800bf68                tcp_send_fin
 .text.tcp_rexmit_rto_prepare
                0x000000000800bfc8       0x88 Middlewares/Third_Party/LwIP/src/core/tcp_out.o
                0x000000000800bfc8                tcp_rexmit_rto_prepare
 .text.tcp_rexmit
                0x000000000800c050       0x84 Middlewares/Third_Party/LwIP/src/core/tcp_out.o
                0x000000000800c050                tcp_rexmit
 .text.tcp_rexmit_fast
                0x000000000800c0d4       0x68 Middlewares/Third_Party/LwIP/src/core/tcp_out.o
                0x000000000800c0d4                tcp_rexmit_fast
 .text.tcp_rst  0x000000000800c13c       0x8c Middlewares/Third_Party/LwIP/src/core/tcp_out.o
                0x000000000800c13c                tcp_rst
 .text.tcp_send_empty_ack
                0x000000000800c1c8       0x64 Middlewares/Third_Party/LwIP/src/core/tcp_out.o
                0x000000000800c1c8                tcp_send_empty_ack
 .text.tcp_output
                0x000000000800c22c      0x354 Middlewares/Third_Party/LwIP/src/core/tcp_out.o
                0x000000000800c22c                tcp_output
 .text.tcp_rexmit_rto_commit
                0x000000000800c580       0x38 Middlewares/Third_Party/LwIP/src/core/tcp_out.o
                0x000000000800c580                tcp_rexmit_rto_commit
 .text.tcp_rexmit_rto
                0x000000000800c5b8       0x34 Middlewares/Third_Party/LwIP/src/core/tcp_out.o
                0x000000000800c5b8                tcp_rexmit_rto
 .text.tcp_keepalive
                0x000000000800c5ec       0x50 Middlewares/Third_Party/LwIP/src/core/tcp_out.o
                0x000000000800c5ec                tcp_keepalive
 .text.tcp_zero_window_probe
                0x000000000800c63c       0xc8 Middlewares/Third_Party/LwIP/src/core/tcp_out.o
                0x000000000800c63c                tcp_zero_window_probe
 .text.sys_timeout_abs
                0x000000000800c704       0x64 Middlewares/Third_Party/LwIP/src/core/timeouts.o
 .text.lwip_cyclic_timer
                0x000000000800c768       0x34 Middlewares/Third_Party/LwIP/src/core/timeouts.o
 .text.sys_timeout
                0x000000000800c79c       0x3c Middlewares/Third_Party/LwIP/src/core/timeouts.o
                0x000000000800c79c                sys_timeout
 .text.tcp_timer_needed
                0x000000000800c7d8       0x34 Middlewares/Third_Party/LwIP/src/core/timeouts.o
                0x000000000800c7d8                tcp_timer_needed
 .text.tcpip_tcp_timer
                0x000000000800c80c       0x38 Middlewares/Third_Party/LwIP/src/core/timeouts.o
 .text.sys_timeouts_init
                0x000000000800c844       0x3c Middlewares/Third_Party/LwIP/src/core/timeouts.o
                0x000000000800c844                sys_timeouts_init
 .text.sys_check_timeouts
                0x000000000800c880       0x44 Middlewares/Third_Party/LwIP/src/core/timeouts.o
                0x000000000800c880                sys_check_timeouts
 .text.sys_timeouts_sleeptime
                0x000000000800c8c4       0x24 Middlewares/Third_Party/LwIP/src/core/timeouts.o
                0x000000000800c8c4                sys_timeouts_sleeptime
 .text.udp_init
                0x000000000800c8e8       0x18 Middlewares/Third_Party/LwIP/src/core/udp.o
                0x000000000800c8e8                udp_init
 .text.udp_input
                0x000000000800c900      0x1b0 Middlewares/Third_Party/LwIP/src/core/udp.o
                0x000000000800c900                udp_input
 .text.udp_bind
                0x000000000800cab0       0xd0 Middlewares/Third_Party/LwIP/src/core/udp.o
                0x000000000800cab0                udp_bind
 .text.udp_sendto_if_src
                0x000000000800cb80      0x130 Middlewares/Third_Party/LwIP/src/core/udp.o
                0x000000000800cb80                udp_sendto_if_src
 .text.udp_sendto_if
                0x000000000800ccb0       0x80 Middlewares/Third_Party/LwIP/src/core/udp.o
                0x000000000800ccb0                udp_sendto_if
 .text.udp_sendto
                0x000000000800cd30       0x78 Middlewares/Third_Party/LwIP/src/core/udp.o
                0x000000000800cd30                udp_sendto
 .text.udp_send
                0x000000000800cda8       0x44 Middlewares/Third_Party/LwIP/src/core/udp.o
                0x000000000800cda8                udp_send
 .text.udp_recv
                0x000000000800cdec       0x24 Middlewares/Third_Party/LwIP/src/core/udp.o
                0x000000000800cdec                udp_recv
 .text.udp_remove
                0x000000000800ce10       0x4c Middlewares/Third_Party/LwIP/src/core/udp.o
                0x000000000800ce10                udp_remove
 .text.udp_new  0x000000000800ce5c       0x1c Middlewares/Third_Party/LwIP/src/core/udp.o
                0x000000000800ce5c                udp_new
 .text.udp_new_ip_type
                0x000000000800ce78        0x4 Middlewares/Third_Party/LwIP/src/core/udp.o
                0x000000000800ce78                udp_new_ip_type
 .text.udp_netif_ip_addr_changed
                0x000000000800ce7c       0x2c Middlewares/Third_Party/LwIP/src/core/udp.o
                0x000000000800ce7c                udp_netif_ip_addr_changed
 .text.etharp_free_entry
                0x000000000800cea8       0x28 Middlewares/Third_Party/LwIP/src/core/ipv4/etharp.o
 .text.etharp_find_entry
                0x000000000800ced0      0x120 Middlewares/Third_Party/LwIP/src/core/ipv4/etharp.o
 .text.etharp_raw
                0x000000000800cff0       0xdc Middlewares/Third_Party/LwIP/src/core/ipv4/etharp.o
 .text.etharp_cleanup_netif
                0x000000000800d0cc       0x28 Middlewares/Third_Party/LwIP/src/core/ipv4/etharp.o
                0x000000000800d0cc                etharp_cleanup_netif
 .text.etharp_input
                0x000000000800d0f4      0x144 Middlewares/Third_Party/LwIP/src/core/ipv4/etharp.o
                0x000000000800d0f4                etharp_input
 .text.etharp_request
                0x000000000800d238       0x2c Middlewares/Third_Party/LwIP/src/core/ipv4/etharp.o
                0x000000000800d238                etharp_request
 .text.etharp_tmr
                0x000000000800d264       0x54 Middlewares/Third_Party/LwIP/src/core/ipv4/etharp.o
                0x000000000800d264                etharp_tmr
 .text.etharp_output_to_arp_index
                0x000000000800d2b8       0xac Middlewares/Third_Party/LwIP/src/core/ipv4/etharp.o
 .text.etharp_query
                0x000000000800d364      0x130 Middlewares/Third_Party/LwIP/src/core/ipv4/etharp.o
                0x000000000800d364                etharp_query
 .text.etharp_output
                0x000000000800d494      0x134 Middlewares/Third_Party/LwIP/src/core/ipv4/etharp.o
                0x000000000800d494                etharp_output
 .text.icmp_send_response.isra.0
                0x000000000800d5c8       0x90 Middlewares/Third_Party/LwIP/src/core/ipv4/icmp.o
 .text.icmp_input
                0x000000000800d658      0x12c Middlewares/Third_Party/LwIP/src/core/ipv4/icmp.o
                0x000000000800d658                icmp_input
 .text.icmp_dest_unreach
                0x000000000800d784        0xa Middlewares/Third_Party/LwIP/src/core/ipv4/icmp.o
                0x000000000800d784                icmp_dest_unreach
 .text.icmp_time_exceeded
                0x000000000800d78e        0xa Middlewares/Third_Party/LwIP/src/core/ipv4/icmp.o
                0x000000000800d78e                icmp_time_exceeded
 .text.ip4_input_accept
                0x000000000800d798       0x34 Middlewares/Third_Party/LwIP/src/core/ipv4/ip4.o
 .text.ip4_route
                0x000000000800d7cc       0x5c Middlewares/Third_Party/LwIP/src/core/ipv4/ip4.o
                0x000000000800d7cc                ip4_route
 .text.ip4_input
                0x000000000800d828      0x168 Middlewares/Third_Party/LwIP/src/core/ipv4/ip4.o
                0x000000000800d828                ip4_input
 .text.ip4_output_if_src
                0x000000000800d990       0xf4 Middlewares/Third_Party/LwIP/src/core/ipv4/ip4.o
                0x000000000800d990                ip4_output_if_src
 .text.ip4_output_if
                0x000000000800da84       0x22 Middlewares/Third_Party/LwIP/src/core/ipv4/ip4.o
                0x000000000800da84                ip4_output_if
 .text.ip4_addr_isbroadcast_u32
                0x000000000800daa6       0x36 Middlewares/Third_Party/LwIP/src/core/ipv4/ip4_addr.o
                0x000000000800daa6                ip4_addr_isbroadcast_u32
 .text.ip_reass_dequeue_datagram
                0x000000000800dadc       0x44 Middlewares/Third_Party/LwIP/src/core/ipv4/ip4_frag.o
 .text.ip_reass_free_complete_datagram
                0x000000000800db20       0xe8 Middlewares/Third_Party/LwIP/src/core/ipv4/ip4_frag.o
 .text.ip_reass_remove_oldest_datagram
                0x000000000800dc08       0x78 Middlewares/Third_Party/LwIP/src/core/ipv4/ip4_frag.o
 .text.ip_frag_free_pbuf_custom_ref
                0x000000000800dc80       0x2c Middlewares/Third_Party/LwIP/src/core/ipv4/ip4_frag.o
 .text.ipfrag_free_pbuf_custom
                0x000000000800dcac       0x34 Middlewares/Third_Party/LwIP/src/core/ipv4/ip4_frag.o
 .text.ip_reass_tmr
                0x000000000800dce0       0x2c Middlewares/Third_Party/LwIP/src/core/ipv4/ip4_frag.o
                0x000000000800dce0                ip_reass_tmr
 .text.ip4_reass
                0x000000000800dd0c      0x3b8 Middlewares/Third_Party/LwIP/src/core/ipv4/ip4_frag.o
                0x000000000800dd0c                ip4_reass
 .text.ip4_frag
                0x000000000800e0c4      0x1d8 Middlewares/Third_Party/LwIP/src/core/ipv4/ip4_frag.o
                0x000000000800e0c4                ip4_frag
 .text.ethernet_input
                0x000000000800e29c       0xa0 Middlewares/Third_Party/LwIP/src/netif/ethernet.o
                0x000000000800e29c                ethernet_input
 .text.ethernet_output
                0x000000000800e33c       0x70 Middlewares/Third_Party/LwIP/src/netif/ethernet.o
                0x000000000800e33c                ethernet_output
 .text.sys_mbox_new
                0x000000000800e3ac       0x1a Middlewares/Third_Party/LwIP/src/system/OS/sys_arch.o
                0x000000000800e3ac                sys_mbox_new
 .text.sys_mbox_free
                0x000000000800e3c6       0x14 Middlewares/Third_Party/LwIP/src/system/OS/sys_arch.o
                0x000000000800e3c6                sys_mbox_free
 .text.sys_mbox_trypost
                0x000000000800e3da       0x1e Middlewares/Third_Party/LwIP/src/system/OS/sys_arch.o
                0x000000000800e3da                sys_mbox_trypost
 .text.sys_arch_mbox_fetch
                0x000000000800e3f8       0x3c Middlewares/Third_Party/LwIP/src/system/OS/sys_arch.o
                0x000000000800e3f8                sys_arch_mbox_fetch
 .text.sys_arch_mbox_tryfetch
                0x000000000800e434       0x16 Middlewares/Third_Party/LwIP/src/system/OS/sys_arch.o
                0x000000000800e434                sys_arch_mbox_tryfetch
 .text.sys_mbox_valid
                0x000000000800e44a        0xa Middlewares/Third_Party/LwIP/src/system/OS/sys_arch.o
                0x000000000800e44a                sys_mbox_valid
 .text.sys_mbox_set_invalid
                0x000000000800e454        0x6 Middlewares/Third_Party/LwIP/src/system/OS/sys_arch.o
                0x000000000800e454                sys_mbox_set_invalid
 .text.sys_sem_new
                0x000000000800e45a       0x26 Middlewares/Third_Party/LwIP/src/system/OS/sys_arch.o
                0x000000000800e45a                sys_sem_new
 .text.sys_arch_sem_wait
                0x000000000800e480       0x36 Middlewares/Third_Party/LwIP/src/system/OS/sys_arch.o
                0x000000000800e480                sys_arch_sem_wait
 .text.sys_sem_signal
                0x000000000800e4b6        0x6 Middlewares/Third_Party/LwIP/src/system/OS/sys_arch.o
                0x000000000800e4b6                sys_sem_signal
 .text.sys_sem_free
                0x000000000800e4bc        0x6 Middlewares/Third_Party/LwIP/src/system/OS/sys_arch.o
                0x000000000800e4bc                sys_sem_free
 .text.sys_sem_valid